Archive member included because of file (symbol)

c:/program files (x86)/atollic/truestudio for arm 5.4.2/armtools/bin/../lib/gcc/arm-atollic-eabi/4.8.3/../../../../arm-atollic-eabi/lib/armv7-m\libc.a(lib_a-init.o)
                              src\startup_stm32f10x_cl.o (__libc_init_array)
c:/program files (x86)/atollic/truestudio for arm 5.4.2/armtools/bin/../lib/gcc/arm-atollic-eabi/4.8.3/../../../../arm-atollic-eabi/lib/armv7-m\libc.a(lib_a-syscalls.o)
                              src\tiny_printf.o (_write)
c:/program files (x86)/atollic/truestudio for arm 5.4.2/armtools/bin/../lib/gcc/arm-atollic-eabi/4.8.3/../../../../arm-atollic-eabi/lib/armv7-m\libc.a(lib_a-reent.o)
                              c:/program files (x86)/atollic/truestudio for arm 5.4.2/armtools/bin/../lib/gcc/arm-atollic-eabi/4.8.3/../../../../arm-atollic-eabi/lib/armv7-m\libc.a(lib_a-syscalls.o) (errno)
c:/program files (x86)/atollic/truestudio for arm 5.4.2/armtools/bin/../lib/gcc/arm-atollic-eabi/4.8.3/../../../../arm-atollic-eabi/lib/armv7-m\libc.a(lib_a-freer.o)
                              c:/program files (x86)/atollic/truestudio for arm 5.4.2/armtools/bin/../lib/gcc/arm-atollic-eabi/4.8.3/../../../../arm-atollic-eabi/lib/armv7-m\libc.a(lib_a-reent.o) (_free_r)
c:/program files (x86)/atollic/truestudio for arm 5.4.2/armtools/bin/../lib/gcc/arm-atollic-eabi/4.8.3/../../../../arm-atollic-eabi/lib/armv7-m\libc.a(lib_a-impure.o)
                              c:/program files (x86)/atollic/truestudio for arm 5.4.2/armtools/bin/../lib/gcc/arm-atollic-eabi/4.8.3/../../../../arm-atollic-eabi/lib/armv7-m\libc.a(lib_a-reent.o) (_impure_ptr)
c:/program files (x86)/atollic/truestudio for arm 5.4.2/armtools/bin/../lib/gcc/arm-atollic-eabi/4.8.3/../../../../arm-atollic-eabi/lib/armv7-m\libc.a(lib_a-mallocr.o)
                              c:/program files (x86)/atollic/truestudio for arm 5.4.2/armtools/bin/../lib/gcc/arm-atollic-eabi/4.8.3/../../../../arm-atollic-eabi/lib/armv7-m\libc.a(lib_a-freer.o) (__malloc_current_mallinfo)
c:/program files (x86)/atollic/truestudio for arm 5.4.2/armtools/bin/../lib/gcc/arm-atollic-eabi/4.8.3/../../../../arm-atollic-eabi/lib/armv7-m\libc.a(lib_a-mlock.o)
                              c:/program files (x86)/atollic/truestudio for arm 5.4.2/armtools/bin/../lib/gcc/arm-atollic-eabi/4.8.3/../../../../arm-atollic-eabi/lib/armv7-m\libc.a(lib_a-freer.o) (__malloc_lock)
c:/program files (x86)/atollic/truestudio for arm 5.4.2/armtools/bin/../lib/gcc/arm-atollic-eabi/4.8.3/../../../../arm-atollic-eabi/lib/armv7-m\libc.a(lib_a-sbrkr.o)
                              c:/program files (x86)/atollic/truestudio for arm 5.4.2/armtools/bin/../lib/gcc/arm-atollic-eabi/4.8.3/../../../../arm-atollic-eabi/lib/armv7-m\libc.a(lib_a-freer.o) (_sbrk_r)
c:/program files (x86)/atollic/truestudio for arm 5.4.2/armtools/bin/../lib/gcc/arm-atollic-eabi/4.8.3/armv7-m\libgcc.a(_arm_addsubdf3.o)
                              Utilities\STM32_EVAL\STM3210C_EVAL\stm3210c_eval_lcd.o (__aeabi_ui2d)
c:/program files (x86)/atollic/truestudio for arm 5.4.2/armtools/bin/../lib/gcc/arm-atollic-eabi/4.8.3/armv7-m\libgcc.a(_arm_cmpdf2.o)
                              Utilities\STM32_EVAL\STM3210C_EVAL\stm3210c_eval_lcd.o (__aeabi_dcmplt)

Allocating common symbols
Common symbol       size              file

LCD_CacheBuffer_yptr_bottom_bak
                    0x2               Utilities\STM32_EVAL\Common\lcd_log.o
LCD_CacheBuffer_yptr_top_bak
                    0x2               Utilities\STM32_EVAL\Common\lcd_log.o
sEEDMA_InitStructure
                    0x2c              Utilities\STM32_EVAL\STM3210C_EVAL\stm3210c_eval.o
errno               0x4               c:/program files (x86)/atollic/truestudio for arm 5.4.2/armtools/bin/../lib/gcc/arm-atollic-eabi/4.8.3/../../../../arm-atollic-eabi/lib/armv7-m\libc.a(lib_a-reent.o)
sEEDataWritePointer
                    0x4               Utilities\STM32_EVAL\STM3210C_EVAL\stm3210c_eval_i2c_ee.o
LCD_CacheBuffer_yptr_bottom
                    0x2               Utilities\STM32_EVAL\Common\lcd_log.o
sEEDataNum          0x1               Utilities\STM32_EVAL\STM3210C_EVAL\stm3210c_eval_i2c_ee.o
LCD_CacheBuffer_xptr
                    0x2               Utilities\STM32_EVAL\Common\lcd_log.o
LCD_CacheBuffer_yptr_invert
                    0x1               Utilities\STM32_EVAL\Common\lcd_log.o
RxBuffer2           0x39              src\main.o
LCD_Lock            0x1               Utilities\STM32_EVAL\Common\lcd_log.o
LCD_Scrolled        0x1               Utilities\STM32_EVAL\Common\lcd_log.o
LCD_CacheBuffer_yptr_top
                    0x2               Utilities\STM32_EVAL\Common\lcd_log.o
LCD_ScrollActive    0x1               Utilities\STM32_EVAL\Common\lcd_log.o
LCD_CacheBuffer     0xc98             Utilities\STM32_EVAL\Common\lcd_log.o
USART_InitStructure
                    0x10              src\main.o
sEEDataReadPointer  0x4               Utilities\STM32_EVAL\STM3210C_EVAL\stm3210c_eval_i2c_ee.o
[...]
Memory Configuration

Name             Origin             Length             Attributes
FLASH            0x08000000         0x00040000         xr
RAM              0x20000000         0x00010000         xrw
MEMORY_B1        0x60000000         0x00000000         xr
*default*        0x00000000         0xffffffff

Linker script and memory map

LOAD c:/program files (x86)/atollic/truestudio for arm 5.4.2/armtools/bin/../lib/gcc/arm-atollic-eabi/4.8.3/armv7-m/crti.o
LOAD c:/program files (x86)/atollic/truestudio for arm 5.4.2/armtools/bin/../lib/gcc/arm-atollic-eabi/4.8.3/armv7-m/crtbegin.o
LOAD src\tiny_printf.o
LOAD src\system_stm32f10x.o
LOAD src\stm32f10x_it.o
LOAD src\startup_stm32f10x_cl.o
LOAD src\main.o
LOAD src\STM3210C-EVAL_callback.o
LOAD Utilities\STM32_EVAL\STM3210C_EVAL\stm3210c_eval_spi_sd.o
LOAD Utilities\STM32_EVAL\STM3210C_EVAL\stm3210c_eval_lcd.o
LOAD Utilities\STM32_EVAL\STM3210C_EVAL\stm3210c_eval_ioe.o
LOAD Utilities\STM32_EVAL\STM3210C_EVAL\stm3210c_eval_i2c_ee.o
LOAD Utilities\STM32_EVAL\STM3210C_EVAL\stm3210c_eval.o
LOAD Utilities\STM32_EVAL\Common\lcd_log.o
LOAD Utilities\STM32_EVAL\Common\fonts.o
LOAD Libraries\STM32F10x_StdPeriph_Driver\src\stm32f10x_wwdg.o
LOAD Libraries\STM32F10x_StdPeriph_Driver\src\stm32f10x_usart.o
LOAD Libraries\STM32F10x_StdPeriph_Driver\src\stm32f10x_tim.o
LOAD Libraries\STM32F10x_StdPeriph_Driver\src\stm32f10x_spi.o
LOAD Libraries\STM32F10x_StdPeriph_Driver\src\stm32f10x_sdio.o
LOAD Libraries\STM32F10x_StdPeriph_Driver\src\stm32f10x_rtc.o
LOAD Libraries\STM32F10x_StdPeriph_Driver\src\stm32f10x_rcc.o
LOAD Libraries\STM32F10x_StdPeriph_Driver\src\stm32f10x_pwr.o
LOAD Libraries\STM32F10x_StdPeriph_Driver\src\stm32f10x_iwdg.o
LOAD Libraries\STM32F10x_StdPeriph_Driver\src\stm32f10x_i2c.o
LOAD Libraries\STM32F10x_StdPeriph_Driver\src\stm32f10x_gpio.o
LOAD Libraries\STM32F10x_StdPeriph_Driver\src\stm32f10x_fsmc.o
LOAD Libraries\STM32F10x_StdPeriph_Driver\src\stm32f10x_flash.o
LOAD Libraries\STM32F10x_StdPeriph_Driver\src\stm32f10x_exti.o
LOAD Libraries\STM32F10x_StdPeriph_Driver\src\stm32f10x_dma.o
LOAD Libraries\STM32F10x_StdPeriph_Driver\src\stm32f10x_dbgmcu.o
LOAD Libraries\STM32F10x_StdPeriph_Driver\src\stm32f10x_dac.o
LOAD Libraries\STM32F10x_StdPeriph_Driver\src\stm32f10x_crc.o
LOAD Libraries\STM32F10x_StdPeriph_Driver\src\stm32f10x_cec.o
LOAD Libraries\STM32F10x_StdPeriph_Driver\src\stm32f10x_can.o
LOAD Libraries\STM32F10x_StdPeriph_Driver\src\stm32f10x_bkp.o
LOAD Libraries\STM32F10x_StdPeriph_Driver\src\stm32f10x_adc.o
LOAD Libraries\STM32F10x_StdPeriph_Driver\src\misc.o
LOAD c:/program files (x86)/atollic/truestudio for arm 5.4.2/armtools/bin/../lib/gcc/arm-atollic-eabi/4.8.3/../../../../arm-atollic-eabi/lib/armv7-m\libm.a
START GROUP
LOAD c:/program files (x86)/atollic/truestudio for arm 5.4.2/armtools/bin/../lib/gcc/arm-atollic-eabi/4.8.3/../../../../arm-atollic-eabi/lib/armv7-m\libc.a
LOAD c:/program files (x86)/atollic/truestudio for arm 5.4.2/armtools/bin/../lib/gcc/arm-atollic-eabi/4.8.3/../../../../arm-atollic-eabi/lib/armv7-m\libm.a
END GROUP
                0x00001000                malloc_getpagesize_P = 0x1000
START GROUP
LOAD c:/program files (x86)/atollic/truestudio for arm 5.4.2/armtools/bin/../lib/gcc/arm-atollic-eabi/4.8.3/armv7-m\libgcc.a
LOAD c:/program files (x86)/atollic/truestudio for arm 5.4.2/armtools/bin/../lib/gcc/arm-atollic-eabi/4.8.3/../../../../arm-atollic-eabi/lib/armv7-m\libc.a
END GROUP
LOAD c:/program files (x86)/atollic/truestudio for arm 5.4.2/armtools/bin/../lib/gcc/arm-atollic-eabi/4.8.3/armv7-m/crtend.o
LOAD c:/program files (x86)/atollic/truestudio for arm 5.4.2/armtools/bin/../lib/gcc/arm-atollic-eabi/4.8.3/armv7-m/crtn.o
                0x20010000                _estack = 0x20010000
                0x00000000                _Min_Heap_Size = 0x0
                0x00000200                _Min_Stack_Size = 0x200

.isr_vector     0x08000000      0x1e4
                0x08000000                . = ALIGN (0x4)
 *(.isr_vector)
 .isr_vector    0x08000000      0x1e4 src\startup_stm32f10x_cl.o
                0x08000000                g_pfnVectors
                0x080001e4                . = ALIGN (0x4)

.text           0x080001e4     0x1158
                0x080001e4                . = ALIGN (0x4)
 *(.text)
 .text          0x080001e4       0x40 c:/program files (x86)/atollic/truestudio for arm 5.4.2/armtools/bin/../lib/gcc/arm-atollic-eabi/4.8.3/armv7-m/crtbegin.o
 *(.text*)
 .text.SystemInit
                0x08000224       0x78 src\system_stm32f10x.o
                0x08000224                SystemInit
 .text.SetSysClock
                0x0800029c        0xc src\system_stm32f10x.o
 .text.SetSysClockTo72
                0x080002a8      0x138 src\system_stm32f10x.o
 .text.NMI_Handler
                0x080003e0        0xc src\stm32f10x_it.o
                0x080003e0                NMI_Handler
 .text.HardFault_Handler
                0x080003ec        0x8 src\stm32f10x_it.o
                0x080003ec                HardFault_Handler
 .text.MemManage_Handler
                0x080003f4        0x8 src\stm32f10x_it.o
                0x080003f4                MemManage_Handler
 .text.BusFault_Handler
                0x080003fc        0x8 src\stm32f10x_it.o
                0x080003fc                BusFault_Handler
 .text.UsageFault_Handler
                0x08000404        0x8 src\stm32f10x_it.o
                0x08000404                UsageFault_Handler
 .text.SVC_Handler
                0x0800040c        0xc src\stm32f10x_it.o
                0x0800040c                SVC_Handler
 .text.DebugMon_Handler
                0x08000418        0xc src\stm32f10x_it.o
                0x08000418                DebugMon_Handler
 .text.PendSV_Handler
                0x08000424        0xc src\stm32f10x_it.o
                0x08000424                PendSV_Handler
 .text.SysTick_Handler
                0x08000430        0xc src\stm32f10x_it.o
                0x08000430                SysTick_Handler
 .text.USART2_IRQHandler
                0x0800043c       0xb0 src\stm32f10x_it.o
                0x0800043c                USART2_IRQHandler
 .text.USART3_IRQHandler
                0x080004ec       0xb0 src\stm32f10x_it.o
                0x080004ec                USART3_IRQHandler
 .text.Reset_Handler
                0x0800059c       0x50 src\startup_stm32f10x_cl.o
                0x0800059c                Reset_Handler
 .text.Default_Handler
                0x080005ec        0x4 src\startup_stm32f10x_cl.o
                0x080005ec                EXTI2_IRQHandler
                0x080005ec                TIM1_CC_IRQHandler
                0x080005ec                TIM6_IRQHandler
                0x080005ec                PVD_IRQHandler
                0x080005ec                CAN2_RX1_IRQHandler
                0x080005ec                EXTI3_IRQHandler
                0x080005ec                EXTI0_IRQHandler
                0x080005ec                I2C2_EV_IRQHandler
                0x080005ec                CAN1_RX0_IRQHandler
                0x080005ec                CAN2_SCE_IRQHandler
                0x080005ec                ADC1_2_IRQHandler
                0x080005ec                SPI1_IRQHandler
                0x080005ec                TAMPER_IRQHandler
                0x080005ec                CAN2_RX0_IRQHandler
                0x080005ec                DMA2_Channel2_IRQHandler
                0x080005ec                DMA1_Channel4_IRQHandler
                0x080005ec                RTC_IRQHandler
                0x080005ec                CAN1_RX1_IRQHandler
                0x080005ec                UART5_IRQHandler
                0x080005ec                TIM4_IRQHandler
                0x080005ec                DMA2_Channel1_IRQHandler
                0x080005ec                I2C1_EV_IRQHandler
                0x080005ec                UART4_IRQHandler
                0x080005ec                DMA2_Channel4_IRQHandler
                0x080005ec                TIM3_IRQHandler
                0x080005ec                RCC_IRQHandler
                0x080005ec                TIM1_TRG_COM_IRQHandler
                0x080005ec                DMA1_Channel1_IRQHandler
                0x080005ec                Default_Handler
                0x080005ec                EXTI15_10_IRQHandler
                0x080005ec                TIM7_IRQHandler
                0x080005ec                CAN2_TX_IRQHandler
                0x080005ec                TIM5_IRQHandler
                0x080005ec                EXTI9_5_IRQHandler
                0x080005ec                ETH_WKUP_IRQHandler
                0x080005ec                SPI2_IRQHandler
                0x080005ec                CAN1_TX_IRQHandler
                0x080005ec                DMA2_Channel5_IRQHandler
                0x080005ec                DMA1_Channel5_IRQHandler
                0x080005ec                EXTI4_IRQHandler
                0x080005ec                DMA1_Channel3_IRQHandler
                0x080005ec                ETH_IRQHandler
                0x080005ec                TIM1_UP_IRQHandler
                0x080005ec                WWDG_IRQHandler
                0x080005ec                TIM2_IRQHandler
                0x080005ec                OTG_FS_WKUP_IRQHandler
                0x080005ec                TIM1_BRK_IRQHandler
                0x080005ec                EXTI1_IRQHandler
                0x080005ec                RTCAlarm_IRQHandler
                0x080005ec                I2C2_ER_IRQHandler
                0x080005ec                DMA1_Channel2_IRQHandler
                0x080005ec                CAN1_SCE_IRQHandler
                0x080005ec                FLASH_IRQHandler
                0x080005ec                USART1_IRQHandler
                0x080005ec                OTG_FS_IRQHandler
                0x080005ec                SPI3_IRQHandler
                0x080005ec                I2C1_ER_IRQHandler
                0x080005ec                DMA2_Channel3_IRQHandler
 .text.main     0x080005f0       0xf0 src\main.o
                0x080005f0                main
 .text.RCC_Configuration
                0x080006e0       0x24 src\main.o
                0x080006e0                RCC_Configuration
 .text.GPIO_Configuration
                0x08000704       0x70 src\main.o
                0x08000704                GPIO_Configuration
 .text.NVIC_Configuration
                0x08000774       0x3c src\main.o
                0x08000774                NVIC_Configuration
 .text.Buffercmp
                0x080007b0       0x44 src\main.o
                0x080007b0                Buffercmp
 .text.sEE_TIMEOUT_UserCallback
                0x080007f4        0x8 src\STM3210C-EVAL_callback.o
                0x080007f4                sEE_TIMEOUT_UserCallback
 .text.DMA1_Channel6_IRQHandler
                0x080007fc       0x7c Utilities\STM32_EVAL\STM3210C_EVAL\stm3210c_eval_i2c_ee.o
                0x080007fc                DMA1_Channel6_IRQHandler
 .text.DMA1_Channel7_IRQHandler
                0x08000878       0x40 Utilities\STM32_EVAL\STM3210C_EVAL\stm3210c_eval_i2c_ee.o
                0x08000878                DMA1_Channel7_IRQHandler
 .text.USART_Init
                0x080008b8      0x174 Libraries\STM32F10x_StdPeriph_Driver\src\stm32f10x_usart.o
                0x080008b8                USART_Init
 .text.USART_Cmd
                0x08000a2c       0x40 Libraries\STM32F10x_StdPeriph_Driver\src\stm32f10x_usart.o
                0x08000a2c                USART_Cmd
 .text.USART_ITConfig
                0x08000a6c       0x90 Libraries\STM32F10x_StdPeriph_Driver\src\stm32f10x_usart.o
                0x08000a6c                USART_ITConfig
 .text.USART_SendData
                0x08000afc       0x24 Libraries\STM32F10x_StdPeriph_Driver\src\stm32f10x_usart.o
                0x08000afc                USART_SendData
 .text.USART_ReceiveData
                0x08000b20       0x20 Libraries\STM32F10x_StdPeriph_Driver\src\stm32f10x_usart.o
                0x08000b20                USART_ReceiveData
 .text.USART_GetITStatus
                0x08000b40       0xb0 Libraries\STM32F10x_StdPeriph_Driver\src\stm32f10x_usart.o
                0x08000b40                USART_GetITStatus
 .text.RCC_GetClocksFreq
                0x08000bf0      0x1cc Libraries\STM32F10x_StdPeriph_Driver\src\stm32f10x_rcc.o
                0x08000bf0                RCC_GetClocksFreq
 .text.RCC_APB2PeriphClockCmd
                0x08000dbc       0x3c Libraries\STM32F10x_StdPeriph_Driver\src\stm32f10x_rcc.o
                0x08000dbc                RCC_APB2PeriphClockCmd
 .text.RCC_APB1PeriphClockCmd
                0x08000df8       0x3c Libraries\STM32F10x_StdPeriph_Driver\src\stm32f10x_rcc.o
                0x08000df8                RCC_APB1PeriphClockCmd
 .text.I2C_GenerateSTOP
                0x08000e34       0x40 Libraries\STM32F10x_StdPeriph_Driver\src\stm32f10x_i2c.o
                0x08000e34                I2C_GenerateSTOP
 .text.I2C_GetFlagStatus
                0x08000e74       0x68 Libraries\STM32F10x_StdPeriph_Driver\src\stm32f10x_i2c.o
                0x08000e74                I2C_GetFlagStatus
 .text.GPIO_Init
                0x08000edc      0x178 Libraries\STM32F10x_StdPeriph_Driver\src\stm32f10x_gpio.o
                0x08000edc                GPIO_Init
 .text.GPIO_PinRemapConfig
                0x08001054       0xe0 Libraries\STM32F10x_StdPeriph_Driver\src\stm32f10x_gpio.o
                0x08001054                GPIO_PinRemapConfig
 .text.DMA_Cmd  0x08001134       0x38 Libraries\STM32F10x_StdPeriph_Driver\src\stm32f10x_dma.o
                0x08001134                DMA_Cmd
 .text.DMA_GetFlagStatus
                0x0800116c       0x54 Libraries\STM32F10x_StdPeriph_Driver\src\stm32f10x_dma.o
                0x0800116c                DMA_GetFlagStatus
 .text.DMA_ClearFlag
                0x080011c0       0x34 Libraries\STM32F10x_StdPeriph_Driver\src\stm32f10x_dma.o
                0x080011c0                DMA_ClearFlag
 .text.NVIC_PriorityGroupConfig
                0x080011f4       0x24 Libraries\STM32F10x_StdPeriph_Driver\src\misc.o
                0x080011f4                NVIC_PriorityGroupConfig
 .text.NVIC_Init
                0x08001218       0xc0 Libraries\STM32F10x_StdPeriph_Driver\src\misc.o
                0x08001218                NVIC_Init
 .text.__libc_init_array
                0x080012d8       0x4c c:/program files (x86)/atollic/truestudio for arm 5.4.2/armtools/bin/../lib/gcc/arm-atollic-eabi/4.8.3/../../../../arm-atollic-eabi/lib/armv7-m\libc.a(lib_a-init.o)
                0x080012d8                __libc_init_array
 *(.rodata)
 *(.rodata*)
 *(.glue_7)
 .glue_7        0x00000000        0x0 linker stubs
 *(.glue_7t)
 .glue_7t       0x00000000        0x0 linker stubs
 *(.eh_frame)
 .eh_frame      0x08001324        0x0 c:/program files (x86)/atollic/truestudio for arm 5.4.2/armtools/bin/../lib/gcc/arm-atollic-eabi/4.8.3/armv7-m/crtbegin.o
 *(.init)
 .init          0x08001324        0x4 c:/program files (x86)/atollic/truestudio for arm 5.4.2/armtools/bin/../lib/gcc/arm-atollic-eabi/4.8.3/armv7-m/crti.o
                0x08001324                _init
 .init          0x08001328        0x8 c:/program files (x86)/atollic/truestudio for arm 5.4.2/armtools/bin/../lib/gcc/arm-atollic-eabi/4.8.3/armv7-m/crtn.o
 *(.fini)
 .fini          0x08001330        0x4 c:/program files (x86)/atollic/truestudio for arm 5.4.2/armtools/bin/../lib/gcc/arm-atollic-eabi/4.8.3/armv7-m/crti.o
                0x08001330                _fini
 .fini          0x08001334        0x8 c:/program files (x86)/atollic/truestudio for arm 5.4.2/armtools/bin/../lib/gcc/arm-atollic-eabi/4.8.3/armv7-m/crtn.o
                0x0800133c                . = ALIGN (0x4)
                0x0800133c                _etext = .

.vfp11_veneer   0x0800133c        0x0
 .vfp11_veneer  0x00000000        0x0 linker stubs

.v4_bx          0x0800133c        0x0
 .v4_bx         0x00000000        0x0 linker stubs

.iplt           0x0800133c        0x0
 .iplt          0x00000000        0x0 c:/program files (x86)/atollic/truestudio for arm 5.4.2/armtools/bin/../lib/gcc/arm-atollic-eabi/4.8.3/armv7-m/crtbegin.o

.rel.dyn        0x0800133c        0x0
 .rel.iplt      0x00000000        0x0 c:/program files (x86)/atollic/truestudio for arm 5.4.2/armtools/bin/../lib/gcc/arm-atollic-eabi/4.8.3/armv7-m/crtbegin.o

.ARM.extab
 *(.ARM.extab* .gnu.linkonce.armextab.*)

.ARM            0x0800133c        0x0
                0x0800133c                __exidx_start = .
 *(.ARM.exidx*)
                0x0800133c                __exidx_end = .

.preinit_array  0x0800133c        0x0
                0x0800133c                PROVIDE (__preinit_array_start, .)
 *(.preinit_array*)
                0x0800133c                PROVIDE (__preinit_array_end, .)

.init_array     0x0800133c        0x4
                0x0800133c                PROVIDE (__init_array_start, .)
 *(SORT(.init_array.*))
 *(.init_array*)
 .init_array    0x0800133c        0x4 c:/program files (x86)/atollic/truestudio for arm 5.4.2/armtools/bin/../lib/gcc/arm-atollic-eabi/4.8.3/armv7-m/crtbegin.o
                0x08001340                PROVIDE (__init_array_end, .)

.fini_array     0x08001340        0x4
                0x08001340                PROVIDE (__fini_array_start, .)
 *(SORT(.fini_array.*))
 *(.fini_array*)
 .fini_array    0x08001340        0x4 c:/program files (x86)/atollic/truestudio for arm 5.4.2/armtools/bin/../lib/gcc/arm-atollic-eabi/4.8.3/armv7-m/crtbegin.o
                0x08001344                PROVIDE (__fini_array_end, .)
                0x08001344                _sidata = LOADADDR (.data)

.data           0x20000000       0x94 load address 0x08001344
                0x20000000                . = ALIGN (0x4)
                0x20000000                _sdata = .
 *(.data)
 *(.data*)
 .data.TxBuffer1
                0x20000000       0x3c src\main.o
                0x20000000                TxBuffer1
 .data.TxBuffer2
                0x2000003c       0x3c src\main.o
                0x2000003c                TxBuffer2
 .data.NbrOfDataToTransfer1
                0x20000078        0x1 src\main.o
                0x20000078                NbrOfDataToTransfer1
 .data.NbrOfDataToTransfer2
                0x20000079        0x1 src\main.o
                0x20000079                NbrOfDataToTransfer2
 .data.NbrOfDataToRead1
                0x2000007a        0x1 src\main.o
                0x2000007a                NbrOfDataToRead1
 *fill*         0x2000007b        0x1 
 .data.sEETimeout
                0x2000007c        0x4 Utilities\STM32_EVAL\STM3210C_EVAL\stm3210c_eval_i2c_ee.o
                0x2000007c                sEETimeout
 .data.APBAHBPrescTable
                0x20000080       0x10 Libraries\STM32F10x_StdPeriph_Driver\src\stm32f10x_rcc.o
 .data.ADCPrescTable
                0x20000090        0x4 Libraries\STM32F10x_StdPeriph_Driver\src\stm32f10x_rcc.o
                0x20000094                . = ALIGN (0x4)
                0x20000094                _edata = .

.igot.plt       0x20000094        0x0 load address 0x080013d8
 .igot.plt      0x00000000        0x0 c:/program files (x86)/atollic/truestudio for arm 5.4.2/armtools/bin/../lib/gcc/arm-atollic-eabi/4.8.3/armv7-m/crtbegin.o
                0x20000094                . = ALIGN (0x4)

.bss            0x20000094       0xb8 load address 0x080013d8
                0x20000094                _sbss = .
                0x20000094                __bss_start__ = _sbss
 *(.bss)
 .bss           0x20000094       0x1c c:/program files (x86)/atollic/truestudio for arm 5.4.2/armtools/bin/../lib/gcc/arm-atollic-eabi/4.8.3/armv7-m/crtbegin.o
 *(.bss*)
 .bss.TxCounter1
                0x200000b0        0x1 src\main.o
                0x200000b0                TxCounter1
 .bss.TxCounter2
                0x200000b1        0x1 src\main.o
                0x200000b1                TxCounter2
 .bss.RxCounter1
                0x200000b2        0x1 src\main.o
                0x200000b2                RxCounter1
 .bss.RxCounter2
                0x200000b3        0x1 src\main.o
                0x200000b3                RxCounter2
 .bss.TransferStatus1
                0x200000b4        0x1 src\main.o
                0x200000b4                TransferStatus1
 .bss.TransferStatus2
                0x200000b5        0x1 src\main.o
                0x200000b5                TransferStatus2
 *(COMMON)
 *fill*         0x200000b6        0x2 
 COMMON         0x200000b8       0x85 src\main.o
                0x200000b8                RxBuffer2
                0x200000f4                USART_InitStructure
                0x20000104                RxBuffer1
 *fill*         0x2000013d        0x3 
 COMMON         0x20000140        0xc Utilities\STM32_EVAL\STM3210C_EVAL\stm3210c_eval_i2c_ee.o
                0x20000140                sEEDataWritePointer
                0x20000144                sEEDataNum
                0x20000148                sEEDataReadPointer
                0x2000014c                . = ALIGN (0x4)
                0x2000014c                _ebss = .
                0x2000014c                __bss_end__ = _ebss

._user_heap_stack
                0x2000014c      0x200 load address 0x080013d8
                0x2000014c                . = ALIGN (0x4)
                0x2000014c                PROVIDE (end, .)
                0x2000014c                PROVIDE (_end, .)
                0x2000014c                . = (. + _Min_Heap_Size)
                0x2000034c                . = (. + _Min_Stack_Size)
 *fill*         0x2000014c      0x200 
                0x2000034c                . = ALIGN (0x4)

.memory_b1_text
 *(.mb1text)
 *(.mb1text*)
 *(.mb1rodata)
 *(.mb1rodata*)

/DISCARD/
 libc.a(*)
 libm.a(*)
 libgcc.a(*)

.ARM.attributes
                0x00000000       0x29
 *(.ARM.attributes)
 .ARM.attributes
                0x00000000       0x1d c:/program files (x86)/atollic/truestudio for arm 5.4.2/armtools/bin/../lib/gcc/arm-atollic-eabi/4.8.3/armv7-m/crti.o
 .ARM.attributes
                0x0000001d       0x2d c:/program files (x86)/atollic/truestudio for arm 5.4.2/armtools/bin/../lib/gcc/arm-atollic-eabi/4.8.3/armv7-m/crtbegin.o
 .ARM.attributes
                0x0000004a       0x33 src\system_stm32f10x.o
 .ARM.attributes
                0x0000007d       0x33 src\stm32f10x_it.o
 .ARM.attributes
                0x000000b0       0x21 src\startup_stm32f10x_cl.o
 .ARM.attributes
                0x000000d1       0x33 src\main.o
 .ARM.attributes
                0x00000104       0x33 src\STM3210C-EVAL_callback.o
 .ARM.attributes
                0x00000137       0x33 Utilities\STM32_EVAL\STM3210C_EVAL\stm3210c_eval_i2c_ee.o
 .ARM.attributes
                0x0000016a       0x33 Libraries\STM32F10x_StdPeriph_Driver\src\stm32f10x_usart.o
 .ARM.attributes
                0x0000019d       0x33 Libraries\STM32F10x_StdPeriph_Driver\src\stm32f10x_rcc.o
 .ARM.attributes
                0x000001d0       0x33 Libraries\STM32F10x_StdPeriph_Driver\src\stm32f10x_i2c.o
 .ARM.attributes
                0x00000203       0x33 Libraries\STM32F10x_StdPeriph_Driver\src\stm32f10x_gpio.o
 .ARM.attributes
                0x00000236       0x33 Libraries\STM32F10x_StdPeriph_Driver\src\stm32f10x_dma.o
 .ARM.attributes
                0x00000269       0x33 Libraries\STM32F10x_StdPeriph_Driver\src\misc.o
 .ARM.attributes
                0x0000029c       0x2d c:/program files (x86)/atollic/truestudio for arm 5.4.2/armtools/bin/../lib/gcc/arm-atollic-eabi/4.8.3/../../../../arm-atollic-eabi/lib/armv7-m\libc.a(lib_a-init.o)
 .ARM.attributes
                0x000002c9       0x1d c:/program files (x86)/atollic/truestudio for arm 5.4.2/armtools/bin/../lib/gcc/arm-atollic-eabi/4.8.3/armv7-m/crtn.o
OUTPUT(STM3210C-EVAL_USART_Interrupt.elf elf32-littlearm)

.debug_info     0x00000000     0x45e1
 .debug_info    0x00000000      0x4d3 src\system_stm32f10x.o
 .debug_info    0x000004d3      0x31b src\stm32f10x_it.o
 .debug_info    0x000007ee       0xa7 src\startup_stm32f10x_cl.o
 .debug_info    0x00000895      0x736 src\main.o
 .debug_info    0x00000fcb       0xc5 src\STM3210C-EVAL_callback.o
 .debug_info    0x00001090      0x527 Utilities\STM32_EVAL\STM3210C_EVAL\stm3210c_eval_i2c_ee.o
 .debug_info    0x000015b7      0x9ec Libraries\STM32F10x_StdPeriph_Driver\src\stm32f10x_usart.o
 .debug_info    0x00001fa3      0xa97 Libraries\STM32F10x_StdPeriph_Driver\src\stm32f10x_rcc.o
 .debug_info    0x00002a3a      0xb04 Libraries\STM32F10x_StdPeriph_Driver\src\stm32f10x_i2c.o
 .debug_info    0x0000353e      0x6eb Libraries\STM32F10x_StdPeriph_Driver\src\stm32f10x_gpio.o
 .debug_info    0x00003c29      0x477 Libraries\STM32F10x_StdPeriph_Driver\src\stm32f10x_dma.o
 .debug_info    0x000040a0      0x541 Libraries\STM32F10x_StdPeriph_Driver\src\misc.o

.debug_abbrev   0x00000000      0xf1f
 .debug_abbrev  0x00000000      0x14e src\system_stm32f10x.o
 .debug_abbrev  0x0000014e       0xf5 src\stm32f10x_it.o
 .debug_abbrev  0x00000243       0x12 src\startup_stm32f10x_cl.o
 .debug_abbrev  0x00000255      0x187 src\main.o
 .debug_abbrev  0x000003dc       0x69 src\STM3210C-EVAL_callback.o
 .debug_abbrev  0x00000445      0x1ec Utilities\STM32_EVAL\STM3210C_EVAL\stm3210c_eval_i2c_ee.o
 .debug_abbrev  0x00000631      0x164 Libraries\STM32F10x_StdPeriph_Driver\src\stm32f10x_usart.o
 .debug_abbrev  0x00000795      0x1bc Libraries\STM32F10x_StdPeriph_Driver\src\stm32f10x_rcc.o
 .debug_abbrev  0x00000951      0x166 Libraries\STM32F10x_StdPeriph_Driver\src\stm32f10x_i2c.o
 .debug_abbrev  0x00000ab7      0x1ca Libraries\STM32F10x_StdPeriph_Driver\src\stm32f10x_gpio.o
 .debug_abbrev  0x00000c81      0x157 Libraries\STM32F10x_StdPeriph_Driver\src\stm32f10x_dma.o
 .debug_abbrev  0x00000dd8      0x147 Libraries\STM32F10x_StdPeriph_Driver\src\misc.o

.debug_aranges  0x00000000      0x670
 .debug_aranges
                0x00000000       0x38 src\system_stm32f10x.o
 .debug_aranges
                0x00000038       0x70 src\stm32f10x_it.o
 .debug_aranges
                0x000000a8       0x28 src\startup_stm32f10x_cl.o
 .debug_aranges
                0x000000d0       0x40 src\main.o
 .debug_aranges
                0x00000110       0x20 src\STM3210C-EVAL_callback.o
 .debug_aranges
                0x00000130       0x68 Utilities\STM32_EVAL\STM3210C_EVAL\stm3210c_eval_i2c_ee.o
 .debug_aranges
                0x00000198      0x100 Libraries\STM32F10x_StdPeriph_Driver\src\stm32f10x_usart.o
 .debug_aranges
                0x00000298      0x160 Libraries\STM32F10x_StdPeriph_Driver\src\stm32f10x_rcc.o
 .debug_aranges
                0x000003f8      0x120 Libraries\STM32F10x_StdPeriph_Driver\src\stm32f10x_i2c.o
 .debug_aranges
                0x00000518       0xa8 Libraries\STM32F10x_StdPeriph_Driver\src\stm32f10x_gpio.o
 .debug_aranges
                0x000005c0       0x70 Libraries\STM32F10x_StdPeriph_Driver\src\stm32f10x_dma.o
 .debug_aranges
                0x00000630       0x40 Libraries\STM32F10x_StdPeriph_Driver\src\misc.o

.debug_ranges   0x00000000      0x5b8
 .debug_ranges  0x00000000       0x28 src\system_stm32f10x.o
 .debug_ranges  0x00000028       0x60 src\stm32f10x_it.o
 .debug_ranges  0x00000088       0x20 src\startup_stm32f10x_cl.o
 .debug_ranges  0x000000a8       0x30 src\main.o
 .debug_ranges  0x000000d8       0x10 src\STM3210C-EVAL_callback.o
 .debug_ranges  0x000000e8       0x58 Utilities\STM32_EVAL\STM3210C_EVAL\stm3210c_eval_i2c_ee.o
 .debug_ranges  0x00000140       0xf0 Libraries\STM32F10x_StdPeriph_Driver\src\stm32f10x_usart.o
 .debug_ranges  0x00000230      0x150 Libraries\STM32F10x_StdPeriph_Driver\src\stm32f10x_rcc.o
 .debug_ranges  0x00000380      0x110 Libraries\STM32F10x_StdPeriph_Driver\src\stm32f10x_i2c.o
 .debug_ranges  0x00000490       0x98 Libraries\STM32F10x_StdPeriph_Driver\src\stm32f10x_gpio.o
 .debug_ranges  0x00000528       0x60 Libraries\STM32F10x_StdPeriph_Driver\src\stm32f10x_dma.o
 .debug_ranges  0x00000588       0x30 Libraries\STM32F10x_StdPeriph_Driver\src\misc.o

.debug_line     0x00000000     0x253c
 .debug_line    0x00000000      0x22a src\system_stm32f10x.o
 .debug_line    0x0000022a      0x254 src\stm32f10x_it.o
 .debug_line    0x0000047e       0x7c src\startup_stm32f10x_cl.o
 .debug_line    0x000004fa      0x278 src\main.o
 .debug_line    0x00000772      0x159 src\STM3210C-EVAL_callback.o
 .debug_line    0x000008cb      0x4df Utilities\STM32_EVAL\STM3210C_EVAL\stm3210c_eval_i2c_ee.o
 .debug_line    0x00000daa      0x48d Libraries\STM32F10x_StdPeriph_Driver\src\stm32f10x_usart.o
 .debug_line    0x00001237      0x56a Libraries\STM32F10x_StdPeriph_Driver\src\stm32f10x_rcc.o
 .debug_line    0x000017a1      0x4ca Libraries\STM32F10x_StdPeriph_Driver\src\stm32f10x_i2c.o
 .debug_line    0x00001c6b      0x3a2 Libraries\STM32F10x_StdPeriph_Driver\src\stm32f10x_gpio.o
 .debug_line    0x0000200d      0x2f7 Libraries\STM32F10x_StdPeriph_Driver\src\stm32f10x_dma.o
 .debug_line    0x00002304      0x238 Libraries\STM32F10x_StdPeriph_Driver\src\misc.o

.debug_str      0x00000000     0x2003
 .debug_str     0x00000000      0x320 src\system_stm32f10x.o
                                0x38f (size before relaxing)
 .debug_str     0x00000320      0x1b7 src\stm32f10x_it.o
                                0x3a9 (size before relaxing)
 .debug_str     0x000004d7      0x6b9 src\main.o
                                0x997 (size before relaxing)
 .debug_str     0x00000b90       0x39 src\STM3210C-EVAL_callback.o
                                0x1f5 (size before relaxing)
 .debug_str     0x00000bc9      0x2aa Utilities\STM32_EVAL\STM3210C_EVAL\stm3210c_eval_i2c_ee.o
                                0x4ec (size before relaxing)
 .debug_str     0x00000e73      0x421 Libraries\STM32F10x_StdPeriph_Driver\src\stm32f10x_usart.o
                                0x713 (size before relaxing)
 .debug_str     0x00001294      0x487 Libraries\STM32F10x_StdPeriph_Driver\src\stm32f10x_rcc.o
                                0x7e5 (size before relaxing)
 .debug_str     0x0000171b      0x347 Libraries\STM32F10x_StdPeriph_Driver\src\stm32f10x_i2c.o
                                0x6e9 (size before relaxing)
 .debug_str     0x00001a62      0x25a Libraries\STM32F10x_StdPeriph_Driver\src\stm32f10x_gpio.o
                                0x59c (size before relaxing)
 .debug_str     0x00001cbc      0x1f3 Libraries\STM32F10x_StdPeriph_Driver\src\stm32f10x_dma.o
                                0x43a (size before relaxing)
 .debug_str     0x00001eaf      0x154 Libraries\STM32F10x_StdPeriph_Driver\src\misc.o
                                0x441 (size before relaxing)

.comment        0x00000000       0x82
 .comment       0x00000000       0x82 src\system_stm32f10x.o
                                 0x83 (size before relaxing)
 .comment       0x00000000       0x83 src\stm32f10x_it.o
 .comment       0x00000000       0x83 src\main.o
 .comment       0x00000000       0x83 src\STM3210C-EVAL_callback.o
 .comment       0x00000000       0x83 Utilities\STM32_EVAL\STM3210C_EVAL\stm3210c_eval_i2c_ee.o
 .comment       0x00000000       0x83 Libraries\STM32F10x_StdPeriph_Driver\src\stm32f10x_usart.o
 .comment       0x00000000       0x83 Libraries\STM32F10x_StdPeriph_Driver\src\stm32f10x_rcc.o
 .comment       0x00000000       0x83 Libraries\STM32F10x_StdPeriph_Driver\src\stm32f10x_i2c.o
 .comment       0x00000000       0x83 Libraries\STM32F10x_StdPeriph_Driver\src\stm32f10x_gpio.o
 .comment       0x00000000       0x83 Libraries\STM32F10x_StdPeriph_Driver\src\stm32f10x_dma.o
 .comment       0x00000000       0x83 Libraries\STM32F10x_StdPeriph_Driver\src\misc.o

.debug_frame    0x00000000     0x1340
 .debug_frame   0x00000000       0x80 src\system_stm32f10x.o
 .debug_frame   0x00000080      0x128 src\stm32f10x_it.o
 .debug_frame   0x000001a8       0xa4 src\main.o
 .debug_frame   0x0000024c       0x28 src\STM3210C-EVAL_callback.o
 .debug_frame   0x00000274      0x134 Utilities\STM32_EVAL\STM3210C_EVAL\stm3210c_eval_i2c_ee.o
 .debug_frame   0x000003a8      0x344 Libraries\STM32F10x_StdPeriph_Driver\src\stm32f10x_usart.o
 .debug_frame   0x000006ec      0x484 Libraries\STM32F10x_StdPeriph_Driver\src\stm32f10x_rcc.o
 .debug_frame   0x00000b70      0x3b4 Libraries\STM32F10x_StdPeriph_Driver\src\stm32f10x_i2c.o
 .debug_frame   0x00000f24      0x210 Libraries\STM32F10x_StdPeriph_Driver\src\stm32f10x_gpio.o
 .debug_frame   0x00001134      0x144 Libraries\STM32F10x_StdPeriph_Driver\src\stm32f10x_dma.o
 .debug_frame   0x00001278       0x9c Libraries\STM32F10x_StdPeriph_Driver\src\misc.o
 .debug_frame   0x00001314       0x2c c:/program files (x86)/atollic/truestudio for arm 5.4.2/armtools/bin/../lib/gcc/arm-atollic-eabi/4.8.3/../../../../arm-atollic-eabi/lib/armv7-m\libc.a(lib_a-init.o)

Cross Reference Table

Symbol                                            File
ADC1_2_IRQHandler                                 src\startup_stm32f10x_cl.o
ADC_AnalogWatchdogCmd                             Libraries\STM32F10x_StdPeriph_Driver\src\stm32f10x_adc.o
ADC_AnalogWatchdogSingleChannelConfig             Libraries\STM32F10x_StdPeriph_Driver\src\stm32f10x_adc.o
ADC_AnalogWatchdogThresholdsConfig                Libraries\STM32F10x_StdPeriph_Driver\src\stm32f10x_adc.o
ADC_AutoInjectedConvCmd                           Libraries\STM32F10x_StdPeriph_Driver\src\stm32f10x_adc.o
ADC_ClearFlag                                     Libraries\STM32F10x_StdPeriph_Driver\src\stm32f10x_adc.o
ADC_ClearITPendingBit                             Libraries\STM32F10x_StdPeriph_Driver\src\stm32f10x_adc.o
ADC_Cmd                                           Libraries\STM32F10x_StdPeriph_Driver\src\stm32f10x_adc.o
ADC_DMACmd                                        Libraries\STM32F10x_StdPeriph_Driver\src\stm32f10x_adc.o
ADC_DeInit                                        Libraries\STM32F10x_StdPeriph_Driver\src\stm32f10x_adc.o
ADC_DiscModeChannelCountConfig                    Libraries\STM32F10x_StdPeriph_Driver\src\stm32f10x_adc.o
ADC_DiscModeCmd                                   Libraries\STM32F10x_StdPeriph_Driver\src\stm32f10x_adc.o
ADC_ExternalTrigConvCmd                           Libraries\STM32F10x_StdPeriph_Driver\src\stm32f10x_adc.o
ADC_ExternalTrigInjectedConvCmd                   Libraries\STM32F10x_StdPeriph_Driver\src\stm32f10x_adc.o
ADC_ExternalTrigInjectedConvConfig                Libraries\STM32F10x_StdPeriph_Driver\src\stm32f10x_adc.o
ADC_GetCalibrationStatus                          Libraries\STM32F10x_StdPeriph_Driver\src\stm32f10x_adc.o
ADC_GetConversionValue                            Libraries\STM32F10x_StdPeriph_Driver\src\stm32f10x_adc.o
ADC_GetDualModeConversionValue                    Libraries\STM32F10x_StdPeriph_Driver\src\stm32f10x_adc.o
ADC_GetFlagStatus                                 Libraries\STM32F10x_StdPeriph_Driver\src\stm32f10x_adc.o
ADC_GetITStatus                                   Libraries\STM32F10x_StdPeriph_Driver\src\stm32f10x_adc.o
ADC_GetInjectedConversionValue                    Libraries\STM32F10x_StdPeriph_Driver\src\stm32f10x_adc.o
ADC_GetResetCalibrationStatus                     Libraries\STM32F10x_StdPeriph_Driver\src\stm32f10x_adc.o
ADC_GetSoftwareStartConvStatus                    Libraries\STM32F10x_StdPeriph_Driver\src\stm32f10x_adc.o
ADC_GetSoftwareStartInjectedConvCmdStatus         Libraries\STM32F10x_StdPeriph_Driver\src\stm32f10x_adc.o
ADC_ITConfig                                      Libraries\STM32F10x_StdPeriph_Driver\src\stm32f10x_adc.o
ADC_Init                                          Libraries\STM32F10x_StdPeriph_Driver\src\stm32f10x_adc.o
ADC_InjectedChannelConfig                         Libraries\STM32F10x_StdPeriph_Driver\src\stm32f10x_adc.o
ADC_InjectedDiscModeCmd                           Libraries\STM32F10x_StdPeriph_Driver\src\stm32f10x_adc.o
ADC_InjectedSequencerLengthConfig                 Libraries\STM32F10x_StdPeriph_Driver\src\stm32f10x_adc.o
ADC_RegularChannelConfig                          Libraries\STM32F10x_StdPeriph_Driver\src\stm32f10x_adc.o
ADC_ResetCalibration                              Libraries\STM32F10x_StdPeriph_Driver\src\stm32f10x_adc.o
ADC_SetInjectedOffset                             Libraries\STM32F10x_StdPeriph_Driver\src\stm32f10x_adc.o
ADC_SoftwareStartConvCmd                          Libraries\STM32F10x_StdPeriph_Driver\src\stm32f10x_adc.o
ADC_SoftwareStartInjectedConvCmd                  Libraries\STM32F10x_StdPeriph_Driver\src\stm32f10x_adc.o
ADC_StartCalibration                              Libraries\STM32F10x_StdPeriph_Driver\src\stm32f10x_adc.o
ADC_StructInit                                    Libraries\STM32F10x_StdPeriph_Driver\src\stm32f10x_adc.o
ADC_TempSensorVrefintCmd                          Libraries\STM32F10x_StdPeriph_Driver\src\stm32f10x_adc.o
AHBPrescTable                                     src\system_stm32f10x.o
ASCII12x12_Table                                  Utilities\STM32_EVAL\Common\fonts.o
ASCII16x24_Table                                  Utilities\STM32_EVAL\Common\fonts.o
ASCII8x12_Table                                   Utilities\STM32_EVAL\Common\fonts.o
ASCII8x8_Table                                    Utilities\STM32_EVAL\Common\fonts.o
BKP_ClearFlag                                     Libraries\STM32F10x_StdPeriph_Driver\src\stm32f10x_bkp.o
BKP_ClearITPendingBit                             Libraries\STM32F10x_StdPeriph_Driver\src\stm32f10x_bkp.o
BKP_DeInit                                        Libraries\STM32F10x_StdPeriph_Driver\src\stm32f10x_bkp.o
BKP_GetFlagStatus                                 Libraries\STM32F10x_StdPeriph_Driver\src\stm32f10x_bkp.o
BKP_GetITStatus                                   Libraries\STM32F10x_StdPeriph_Driver\src\stm32f10x_bkp.o
BKP_ITConfig                                      Libraries\STM32F10x_StdPeriph_Driver\src\stm32f10x_bkp.o
BKP_RTCOutputConfig                               Libraries\STM32F10x_StdPeriph_Driver\src\stm32f10x_bkp.o
BKP_ReadBackupRegister                            Libraries\STM32F10x_StdPeriph_Driver\src\stm32f10x_bkp.o
BKP_SetRTCCalibrationValue                        Libraries\STM32F10x_StdPeriph_Driver\src\stm32f10x_bkp.o
BKP_TamperPinCmd                                  Libraries\STM32F10x_StdPeriph_Driver\src\stm32f10x_bkp.o
BKP_TamperPinLevelConfig                          Libraries\STM32F10x_StdPeriph_Driver\src\stm32f10x_bkp.o
BKP_WriteBackupRegister                           Libraries\STM32F10x_StdPeriph_Driver\src\stm32f10x_bkp.o
BUTTON_CLK                                        Utilities\STM32_EVAL\STM3210C_EVAL\stm3210c_eval.o
BUTTON_EXTI_LINE                                  Utilities\STM32_EVAL\STM3210C_EVAL\stm3210c_eval.o
BUTTON_IRQn                                       Utilities\STM32_EVAL\STM3210C_EVAL\stm3210c_eval.o
BUTTON_PIN                                        Utilities\STM32_EVAL\STM3210C_EVAL\stm3210c_eval.o
BUTTON_PIN_SOURCE                                 Utilities\STM32_EVAL\STM3210C_EVAL\stm3210c_eval.o
BUTTON_PORT                                       Utilities\STM32_EVAL\STM3210C_EVAL\stm3210c_eval.o
BUTTON_PORT_SOURCE                                Utilities\STM32_EVAL\STM3210C_EVAL\stm3210c_eval.o
BackColor                                         Utilities\STM32_EVAL\STM3210C_EVAL\stm3210c_eval_lcd.o
Buffercmp                                         src\main.o
BusFault_Handler                                  src\stm32f10x_it.o
CAN1_RX0_IRQHandler                               src\startup_stm32f10x_cl.o
CAN1_RX1_IRQHandler                               src\startup_stm32f10x_cl.o
CAN1_SCE_IRQHandler                               src\startup_stm32f10x_cl.o
CAN1_TX_IRQHandler                                src\startup_stm32f10x_cl.o
CAN2_RX0_IRQHandler                               src\startup_stm32f10x_cl.o
CAN2_RX1_IRQHandler                               src\startup_stm32f10x_cl.o
CAN2_SCE_IRQHandler                               src\startup_stm32f10x_cl.o
CAN2_TX_IRQHandler                                src\startup_stm32f10x_cl.o
CAN_CancelTransmit                                Libraries\STM32F10x_StdPeriph_Driver\src\stm32f10x_can.o
CAN_ClearFlag                                     Libraries\STM32F10x_StdPeriph_Driver\src\stm32f10x_can.o
CAN_ClearITPendingBit                             Libraries\STM32F10x_StdPeriph_Driver\src\stm32f10x_can.o
CAN_DBGFreeze                                     Libraries\STM32F10x_StdPeriph_Driver\src\stm32f10x_can.o
CAN_DeInit                                        Libraries\STM32F10x_StdPeriph_Driver\src\stm32f10x_can.o
CAN_FIFORelease                                   Libraries\STM32F10x_StdPeriph_Driver\src\stm32f10x_can.o
CAN_FilterInit                                    Libraries\STM32F10x_StdPeriph_Driver\src\stm32f10x_can.o
CAN_GetFlagStatus                                 Libraries\STM32F10x_StdPeriph_Driver\src\stm32f10x_can.o
CAN_GetITStatus                                   Libraries\STM32F10x_StdPeriph_Driver\src\stm32f10x_can.o
CAN_GetLSBTransmitErrorCounter                    Libraries\STM32F10x_StdPeriph_Driver\src\stm32f10x_can.o
CAN_GetLastErrorCode                              Libraries\STM32F10x_StdPeriph_Driver\src\stm32f10x_can.o
CAN_GetReceiveErrorCounter                        Libraries\STM32F10x_StdPeriph_Driver\src\stm32f10x_can.o
CAN_ITConfig                                      Libraries\STM32F10x_StdPeriph_Driver\src\stm32f10x_can.o
CAN_Init                                          Libraries\STM32F10x_StdPeriph_Driver\src\stm32f10x_can.o
CAN_MessagePending                                Libraries\STM32F10x_StdPeriph_Driver\src\stm32f10x_can.o
CAN_OperatingModeRequest                          Libraries\STM32F10x_StdPeriph_Driver\src\stm32f10x_can.o
CAN_Receive                                       Libraries\STM32F10x_StdPeriph_Driver\src\stm32f10x_can.o
CAN_SlaveStartBank                                Libraries\STM32F10x_StdPeriph_Driver\src\stm32f10x_can.o
CAN_Sleep                                         Libraries\STM32F10x_StdPeriph_Driver\src\stm32f10x_can.o
CAN_StructInit                                    Libraries\STM32F10x_StdPeriph_Driver\src\stm32f10x_can.o
CAN_TTComModeCmd                                  Libraries\STM32F10x_StdPeriph_Driver\src\stm32f10x_can.o
CAN_Transmit                                      Libraries\STM32F10x_StdPeriph_Driver\src\stm32f10x_can.o
CAN_TransmitStatus                                Libraries\STM32F10x_StdPeriph_Driver\src\stm32f10x_can.o
CAN_WakeUp                                        Libraries\STM32F10x_StdPeriph_Driver\src\stm32f10x_can.o
CEC_ClearFlag                                     Libraries\STM32F10x_StdPeriph_Driver\src\stm32f10x_cec.o
CEC_ClearITPendingBit                             Libraries\STM32F10x_StdPeriph_Driver\src\stm32f10x_cec.o
CEC_Cmd                                           Libraries\STM32F10x_StdPeriph_Driver\src\stm32f10x_cec.o
CEC_DeInit                                        Libraries\STM32F10x_StdPeriph_Driver\src\stm32f10x_cec.o
CEC_EndOfMessageCmd                               Libraries\STM32F10x_StdPeriph_Driver\src\stm32f10x_cec.o
CEC_GetFlagStatus                                 Libraries\STM32F10x_StdPeriph_Driver\src\stm32f10x_cec.o
CEC_GetITStatus                                   Libraries\STM32F10x_StdPeriph_Driver\src\stm32f10x_cec.o
CEC_ITConfig                                      Libraries\STM32F10x_StdPeriph_Driver\src\stm32f10x_cec.o
CEC_Init                                          Libraries\STM32F10x_StdPeriph_Driver\src\stm32f10x_cec.o
CEC_OwnAddressConfig                              Libraries\STM32F10x_StdPeriph_Driver\src\stm32f10x_cec.o
CEC_ReceiveDataByte                               Libraries\STM32F10x_StdPeriph_Driver\src\stm32f10x_cec.o
CEC_SendDataByte                                  Libraries\STM32F10x_StdPeriph_Driver\src\stm32f10x_cec.o
CEC_SetPrescaler                                  Libraries\STM32F10x_StdPeriph_Driver\src\stm32f10x_cec.o
CEC_StartOfMessage                                Libraries\STM32F10x_StdPeriph_Driver\src\stm32f10x_cec.o
COM_RX_PIN                                        Utilities\STM32_EVAL\STM3210C_EVAL\stm3210c_eval.o
COM_RX_PORT                                       Utilities\STM32_EVAL\STM3210C_EVAL\stm3210c_eval.o
COM_RX_PORT_CLK                                   Utilities\STM32_EVAL\STM3210C_EVAL\stm3210c_eval.o
COM_TX_PIN                                        Utilities\STM32_EVAL\STM3210C_EVAL\stm3210c_eval.o
COM_TX_PORT                                       Utilities\STM32_EVAL\STM3210C_EVAL\stm3210c_eval.o
COM_TX_PORT_CLK                                   Utilities\STM32_EVAL\STM3210C_EVAL\stm3210c_eval.o
COM_USART                                         Utilities\STM32_EVAL\STM3210C_EVAL\stm3210c_eval.o
COM_USART_CLK                                     Utilities\STM32_EVAL\STM3210C_EVAL\stm3210c_eval.o
CRC_CalcBlockCRC                                  Libraries\STM32F10x_StdPeriph_Driver\src\stm32f10x_crc.o
CRC_CalcCRC                                       Libraries\STM32F10x_StdPeriph_Driver\src\stm32f10x_crc.o
CRC_GetCRC                                        Libraries\STM32F10x_StdPeriph_Driver\src\stm32f10x_crc.o
CRC_GetIDRegister                                 Libraries\STM32F10x_StdPeriph_Driver\src\stm32f10x_crc.o
CRC_ResetDR                                       Libraries\STM32F10x_StdPeriph_Driver\src\stm32f10x_crc.o
CRC_SetIDRegister                                 Libraries\STM32F10x_StdPeriph_Driver\src\stm32f10x_crc.o
DAC_Cmd                                           Libraries\STM32F10x_StdPeriph_Driver\src\stm32f10x_dac.o
DAC_DMACmd                                        Libraries\STM32F10x_StdPeriph_Driver\src\stm32f10x_dac.o
DAC_DeInit                                        Libraries\STM32F10x_StdPeriph_Driver\src\stm32f10x_dac.o
DAC_DualSoftwareTriggerCmd                        Libraries\STM32F10x_StdPeriph_Driver\src\stm32f10x_dac.o
DAC_GetDataOutputValue                            Libraries\STM32F10x_StdPeriph_Driver\src\stm32f10x_dac.o
DAC_Init                                          Libraries\STM32F10x_StdPeriph_Driver\src\stm32f10x_dac.o
DAC_SetChannel1Data                               Libraries\STM32F10x_StdPeriph_Driver\src\stm32f10x_dac.o
DAC_SetChannel2Data                               Libraries\STM32F10x_StdPeriph_Driver\src\stm32f10x_dac.o
DAC_SetDualChannelData                            Libraries\STM32F10x_StdPeriph_Driver\src\stm32f10x_dac.o
DAC_SoftwareTriggerCmd                            Libraries\STM32F10x_StdPeriph_Driver\src\stm32f10x_dac.o
DAC_StructInit                                    Libraries\STM32F10x_StdPeriph_Driver\src\stm32f10x_dac.o
DAC_WaveGenerationCmd                             Libraries\STM32F10x_StdPeriph_Driver\src\stm32f10x_dac.o
DBGMCU_Config                                     Libraries\STM32F10x_StdPeriph_Driver\src\stm32f10x_dbgmcu.o
DBGMCU_GetDEVID                                   Libraries\STM32F10x_StdPeriph_Driver\src\stm32f10x_dbgmcu.o
DBGMCU_GetREVID                                   Libraries\STM32F10x_StdPeriph_Driver\src\stm32f10x_dbgmcu.o
DMA1_Channel1_IRQHandler                          src\startup_stm32f10x_cl.o
DMA1_Channel2_IRQHandler                          src\startup_stm32f10x_cl.o
DMA1_Channel3_IRQHandler                          src\startup_stm32f10x_cl.o
DMA1_Channel4_IRQHandler                          src\startup_stm32f10x_cl.o
DMA1_Channel5_IRQHandler                          src\startup_stm32f10x_cl.o
DMA1_Channel6_IRQHandler                          Utilities\STM32_EVAL\STM3210C_EVAL\stm3210c_eval_i2c_ee.o
                                                  src\startup_stm32f10x_cl.o
DMA1_Channel7_IRQHandler                          Utilities\STM32_EVAL\STM3210C_EVAL\stm3210c_eval_i2c_ee.o
                                                  src\startup_stm32f10x_cl.o
DMA2_Channel1_IRQHandler                          src\startup_stm32f10x_cl.o
DMA2_Channel2_IRQHandler                          src\startup_stm32f10x_cl.o
DMA2_Channel3_IRQHandler                          src\startup_stm32f10x_cl.o
DMA2_Channel4_IRQHandler                          src\startup_stm32f10x_cl.o
DMA2_Channel5_IRQHandler                          src\startup_stm32f10x_cl.o
DMA_ClearFlag                                     Libraries\STM32F10x_StdPeriph_Driver\src\stm32f10x_dma.o
                                                  Utilities\STM32_EVAL\STM3210C_EVAL\stm3210c_eval_i2c_ee.o
                                                  Utilities\STM32_EVAL\STM3210C_EVAL\stm3210c_eval_ioe.o
DMA_ClearITPendingBit                             Libraries\STM32F10x_StdPeriph_Driver\src\stm32f10x_dma.o
DMA_Cmd                                           Libraries\STM32F10x_StdPeriph_Driver\src\stm32f10x_dma.o
                                                  Utilities\STM32_EVAL\STM3210C_EVAL\stm3210c_eval.o
                                                  Utilities\STM32_EVAL\STM3210C_EVAL\stm3210c_eval_i2c_ee.o
                                                  Utilities\STM32_EVAL\STM3210C_EVAL\stm3210c_eval_ioe.o
DMA_DeInit                                        Libraries\STM32F10x_StdPeriph_Driver\src\stm32f10x_dma.o
                                                  Utilities\STM32_EVAL\STM3210C_EVAL\stm3210c_eval.o
                                                  Utilities\STM32_EVAL\STM3210C_EVAL\stm3210c_eval_ioe.o
DMA_GetCurrDataCounter                            Libraries\STM32F10x_StdPeriph_Driver\src\stm32f10x_dma.o
DMA_GetFlagStatus                                 Libraries\STM32F10x_StdPeriph_Driver\src\stm32f10x_dma.o
                                                  Utilities\STM32_EVAL\STM3210C_EVAL\stm3210c_eval_i2c_ee.o
                                                  Utilities\STM32_EVAL\STM3210C_EVAL\stm3210c_eval_ioe.o
DMA_GetITStatus                                   Libraries\STM32F10x_StdPeriph_Driver\src\stm32f10x_dma.o
DMA_ITConfig                                      Libraries\STM32F10x_StdPeriph_Driver\src\stm32f10x_dma.o
                                                  Utilities\STM32_EVAL\STM3210C_EVAL\stm3210c_eval.o
DMA_Init                                          Libraries\STM32F10x_StdPeriph_Driver\src\stm32f10x_dma.o
                                                  Utilities\STM32_EVAL\STM3210C_EVAL\stm3210c_eval.o
                                                  Utilities\STM32_EVAL\STM3210C_EVAL\stm3210c_eval_ioe.o
DMA_SetCurrDataCounter                            Libraries\STM32F10x_StdPeriph_Driver\src\stm32f10x_dma.o
DMA_StructInit                                    Libraries\STM32F10x_StdPeriph_Driver\src\stm32f10x_dma.o
DebugMon_Handler                                  src\stm32f10x_it.o
Default_Handler                                   src\startup_stm32f10x_cl.o
ETH_IRQHandler                                    src\startup_stm32f10x_cl.o
ETH_WKUP_IRQHandler                               src\startup_stm32f10x_cl.o
EXTI0_IRQHandler                                  src\startup_stm32f10x_cl.o
EXTI15_10_IRQHandler                              src\startup_stm32f10x_cl.o
EXTI1_IRQHandler                                  src\startup_stm32f10x_cl.o
EXTI2_IRQHandler                                  src\startup_stm32f10x_cl.o
EXTI3_IRQHandler                                  src\startup_stm32f10x_cl.o
EXTI4_IRQHandler                                  src\startup_stm32f10x_cl.o
EXTI9_5_IRQHandler                                src\startup_stm32f10x_cl.o
EXTI_ClearFlag                                    Libraries\STM32F10x_StdPeriph_Driver\src\stm32f10x_exti.o
EXTI_ClearITPendingBit                            Libraries\STM32F10x_StdPeriph_Driver\src\stm32f10x_exti.o
EXTI_DeInit                                       Libraries\STM32F10x_StdPeriph_Driver\src\stm32f10x_exti.o
EXTI_GenerateSWInterrupt                          Libraries\STM32F10x_StdPeriph_Driver\src\stm32f10x_exti.o
EXTI_GetFlagStatus                                Libraries\STM32F10x_StdPeriph_Driver\src\stm32f10x_exti.o
EXTI_GetITStatus                                  Libraries\STM32F10x_StdPeriph_Driver\src\stm32f10x_exti.o
EXTI_Init                                         Libraries\STM32F10x_StdPeriph_Driver\src\stm32f10x_exti.o
                                                  Utilities\STM32_EVAL\STM3210C_EVAL\stm3210c_eval.o
                                                  Utilities\STM32_EVAL\STM3210C_EVAL\stm3210c_eval_ioe.o
EXTI_StructInit                                   Libraries\STM32F10x_StdPeriph_Driver\src\stm32f10x_exti.o
FLASH_ClearFlag                                   Libraries\STM32F10x_StdPeriph_Driver\src\stm32f10x_flash.o
FLASH_EnableWriteProtection                       Libraries\STM32F10x_StdPeriph_Driver\src\stm32f10x_flash.o
FLASH_EraseAllBank1Pages                          Libraries\STM32F10x_StdPeriph_Driver\src\stm32f10x_flash.o
FLASH_EraseAllPages                               Libraries\STM32F10x_StdPeriph_Driver\src\stm32f10x_flash.o
FLASH_EraseOptionBytes                            Libraries\STM32F10x_StdPeriph_Driver\src\stm32f10x_flash.o
FLASH_ErasePage                                   Libraries\STM32F10x_StdPeriph_Driver\src\stm32f10x_flash.o
FLASH_GetBank1Status                              Libraries\STM32F10x_StdPeriph_Driver\src\stm32f10x_flash.o
FLASH_GetFlagStatus                               Libraries\STM32F10x_StdPeriph_Driver\src\stm32f10x_flash.o
FLASH_GetPrefetchBufferStatus                     Libraries\STM32F10x_StdPeriph_Driver\src\stm32f10x_flash.o
FLASH_GetReadOutProtectionStatus                  Libraries\STM32F10x_StdPeriph_Driver\src\stm32f10x_flash.o
FLASH_GetStatus                                   Libraries\STM32F10x_StdPeriph_Driver\src\stm32f10x_flash.o
FLASH_GetUserOptionByte                           Libraries\STM32F10x_StdPeriph_Driver\src\stm32f10x_flash.o
FLASH_GetWriteProtectionOptionByte                Libraries\STM32F10x_StdPeriph_Driver\src\stm32f10x_flash.o
FLASH_HalfCycleAccessCmd                          Libraries\STM32F10x_StdPeriph_Driver\src\stm32f10x_flash.o
FLASH_IRQHandler                                  src\startup_stm32f10x_cl.o
FLASH_ITConfig                                    Libraries\STM32F10x_StdPeriph_Driver\src\stm32f10x_flash.o
FLASH_Lock                                        Libraries\STM32F10x_StdPeriph_Driver\src\stm32f10x_flash.o
FLASH_LockBank1                                   Libraries\STM32F10x_StdPeriph_Driver\src\stm32f10x_flash.o
FLASH_PrefetchBufferCmd                           Libraries\STM32F10x_StdPeriph_Driver\src\stm32f10x_flash.o
FLASH_ProgramHalfWord                             Libraries\STM32F10x_StdPeriph_Driver\src\stm32f10x_flash.o
FLASH_ProgramOptionByteData                       Libraries\STM32F10x_StdPeriph_Driver\src\stm32f10x_flash.o
FLASH_ProgramWord                                 Libraries\STM32F10x_StdPeriph_Driver\src\stm32f10x_flash.o
FLASH_ReadOutProtection                           Libraries\STM32F10x_StdPeriph_Driver\src\stm32f10x_flash.o
FLASH_SetLatency                                  Libraries\STM32F10x_StdPeriph_Driver\src\stm32f10x_flash.o
FLASH_Unlock                                      Libraries\STM32F10x_StdPeriph_Driver\src\stm32f10x_flash.o
FLASH_UnlockBank1                                 Libraries\STM32F10x_StdPeriph_Driver\src\stm32f10x_flash.o
FLASH_UserOptionByteConfig                        Libraries\STM32F10x_StdPeriph_Driver\src\stm32f10x_flash.o
FLASH_WaitForLastBank1Operation                   Libraries\STM32F10x_StdPeriph_Driver\src\stm32f10x_flash.o
FLASH_WaitForLastOperation                        Libraries\STM32F10x_StdPeriph_Driver\src\stm32f10x_flash.o
FSMC_ClearFlag                                    Libraries\STM32F10x_StdPeriph_Driver\src\stm32f10x_fsmc.o
FSMC_ClearITPendingBit                            Libraries\STM32F10x_StdPeriph_Driver\src\stm32f10x_fsmc.o
FSMC_GetECC                                       Libraries\STM32F10x_StdPeriph_Driver\src\stm32f10x_fsmc.o
FSMC_GetFlagStatus                                Libraries\STM32F10x_StdPeriph_Driver\src\stm32f10x_fsmc.o
FSMC_GetITStatus                                  Libraries\STM32F10x_StdPeriph_Driver\src\stm32f10x_fsmc.o
FSMC_ITConfig                                     Libraries\STM32F10x_StdPeriph_Driver\src\stm32f10x_fsmc.o
FSMC_NANDCmd                                      Libraries\STM32F10x_StdPeriph_Driver\src\stm32f10x_fsmc.o
FSMC_NANDDeInit                                   Libraries\STM32F10x_StdPeriph_Driver\src\stm32f10x_fsmc.o
FSMC_NANDECCCmd                                   Libraries\STM32F10x_StdPeriph_Driver\src\stm32f10x_fsmc.o
FSMC_NANDInit                                     Libraries\STM32F10x_StdPeriph_Driver\src\stm32f10x_fsmc.o
FSMC_NANDStructInit                               Libraries\STM32F10x_StdPeriph_Driver\src\stm32f10x_fsmc.o
FSMC_NORSRAMCmd                                   Libraries\STM32F10x_StdPeriph_Driver\src\stm32f10x_fsmc.o
FSMC_NORSRAMDeInit                                Libraries\STM32F10x_StdPeriph_Driver\src\stm32f10x_fsmc.o
FSMC_NORSRAMInit                                  Libraries\STM32F10x_StdPeriph_Driver\src\stm32f10x_fsmc.o
FSMC_NORSRAMStructInit                            Libraries\STM32F10x_StdPeriph_Driver\src\stm32f10x_fsmc.o
FSMC_PCCARDCmd                                    Libraries\STM32F10x_StdPeriph_Driver\src\stm32f10x_fsmc.o
FSMC_PCCARDDeInit                                 Libraries\STM32F10x_StdPeriph_Driver\src\stm32f10x_fsmc.o
FSMC_PCCARDInit                                   Libraries\STM32F10x_StdPeriph_Driver\src\stm32f10x_fsmc.o
FSMC_PCCARDStructInit                             Libraries\STM32F10x_StdPeriph_Driver\src\stm32f10x_fsmc.o
Font12x12                                         Utilities\STM32_EVAL\Common\fonts.o
                                                  Utilities\STM32_EVAL\Common\lcd_log.o
Font16x24                                         Utilities\STM32_EVAL\Common\fonts.o
                                                  Utilities\STM32_EVAL\STM3210C_EVAL\stm3210c_eval_lcd.o
Font8x12                                          Utilities\STM32_EVAL\Common\fonts.o
                                                  Utilities\STM32_EVAL\Common\lcd_log.o
Font8x8                                           Utilities\STM32_EVAL\Common\fonts.o
GPIO_AFIODeInit                                   Libraries\STM32F10x_StdPeriph_Driver\src\stm32f10x_gpio.o
GPIO_CLK                                          Utilities\STM32_EVAL\STM3210C_EVAL\stm3210c_eval.o
GPIO_Configuration                                src\main.o
GPIO_DeInit                                       Libraries\STM32F10x_StdPeriph_Driver\src\stm32f10x_gpio.o
GPIO_ETH_MediaInterfaceConfig                     Libraries\STM32F10x_StdPeriph_Driver\src\stm32f10x_gpio.o
GPIO_EXTILineConfig                               Libraries\STM32F10x_StdPeriph_Driver\src\stm32f10x_gpio.o
                                                  Utilities\STM32_EVAL\STM3210C_EVAL\stm3210c_eval.o
                                                  Utilities\STM32_EVAL\STM3210C_EVAL\stm3210c_eval_ioe.o
GPIO_EventOutputCmd                               Libraries\STM32F10x_StdPeriph_Driver\src\stm32f10x_gpio.o
GPIO_EventOutputConfig                            Libraries\STM32F10x_StdPeriph_Driver\src\stm32f10x_gpio.o
GPIO_Init                                         Libraries\STM32F10x_StdPeriph_Driver\src\stm32f10x_gpio.o
                                                  Utilities\STM32_EVAL\STM3210C_EVAL\stm3210c_eval.o
                                                  Utilities\STM32_EVAL\STM3210C_EVAL\stm3210c_eval_ioe.o
                                                  Utilities\STM32_EVAL\STM3210C_EVAL\stm3210c_eval_lcd.o
                                                  src\main.o
GPIO_PIN                                          Utilities\STM32_EVAL\STM3210C_EVAL\stm3210c_eval.o
GPIO_PORT                                         Utilities\STM32_EVAL\STM3210C_EVAL\stm3210c_eval.o
GPIO_PinLockConfig                                Libraries\STM32F10x_StdPeriph_Driver\src\stm32f10x_gpio.o
GPIO_PinRemapConfig                               Libraries\STM32F10x_StdPeriph_Driver\src\stm32f10x_gpio.o
                                                  Utilities\STM32_EVAL\STM3210C_EVAL\stm3210c_eval.o
                                                  Utilities\STM32_EVAL\STM3210C_EVAL\stm3210c_eval_lcd.o
                                                  src\main.o
GPIO_ReadInputData                                Libraries\STM32F10x_StdPeriph_Driver\src\stm32f10x_gpio.o
                                                  Utilities\STM32_EVAL\STM3210C_EVAL\stm3210c_eval_spi_sd.o
GPIO_ReadInputDataBit                             Libraries\STM32F10x_StdPeriph_Driver\src\stm32f10x_gpio.o
                                                  Utilities\STM32_EVAL\STM3210C_EVAL\stm3210c_eval.o
GPIO_ReadOutputData                               Libraries\STM32F10x_StdPeriph_Driver\src\stm32f10x_gpio.o
GPIO_ReadOutputDataBit                            Libraries\STM32F10x_StdPeriph_Driver\src\stm32f10x_gpio.o
GPIO_ResetBits                                    Libraries\STM32F10x_StdPeriph_Driver\src\stm32f10x_gpio.o
                                                  Utilities\STM32_EVAL\STM3210C_EVAL\stm3210c_eval_spi_sd.o
GPIO_SetBits                                      Libraries\STM32F10x_StdPeriph_Driver\src\stm32f10x_gpio.o
                                                  Utilities\STM32_EVAL\STM3210C_EVAL\stm3210c_eval_spi_sd.o
GPIO_StructInit                                   Libraries\STM32F10x_StdPeriph_Driver\src\stm32f10x_gpio.o
GPIO_Write                                        Libraries\STM32F10x_StdPeriph_Driver\src\stm32f10x_gpio.o
GPIO_WriteBit                                     Libraries\STM32F10x_StdPeriph_Driver\src\stm32f10x_gpio.o
                                                  Utilities\STM32_EVAL\STM3210C_EVAL\stm3210c_eval_lcd.o
HardFault_Handler                                 src\stm32f10x_it.o
I2C1_ER_IRQHandler                                src\startup_stm32f10x_cl.o
I2C1_EV_IRQHandler                                src\startup_stm32f10x_cl.o
I2C2_ER_IRQHandler                                src\startup_stm32f10x_cl.o
I2C2_EV_IRQHandler                                src\startup_stm32f10x_cl.o
I2C_ARPCmd                                        Libraries\STM32F10x_StdPeriph_Driver\src\stm32f10x_i2c.o
I2C_AcknowledgeConfig                             Libraries\STM32F10x_StdPeriph_Driver\src\stm32f10x_i2c.o
                                                  Utilities\STM32_EVAL\STM3210C_EVAL\stm3210c_eval_i2c_ee.o
I2C_CalculatePEC                                  Libraries\STM32F10x_StdPeriph_Driver\src\stm32f10x_i2c.o
I2C_CheckEvent                                    Libraries\STM32F10x_StdPeriph_Driver\src\stm32f10x_i2c.o
                                                  Utilities\STM32_EVAL\STM3210C_EVAL\stm3210c_eval_i2c_ee.o
                                                  Utilities\STM32_EVAL\STM3210C_EVAL\stm3210c_eval_ioe.o
I2C_ClearFlag                                     Libraries\STM32F10x_StdPeriph_Driver\src\stm32f10x_i2c.o
                                                  Utilities\STM32_EVAL\STM3210C_EVAL\stm3210c_eval_i2c_ee.o
I2C_ClearITPendingBit                             Libraries\STM32F10x_StdPeriph_Driver\src\stm32f10x_i2c.o
I2C_Cmd                                           Libraries\STM32F10x_StdPeriph_Driver\src\stm32f10x_i2c.o
                                                  Utilities\STM32_EVAL\STM3210C_EVAL\stm3210c_eval.o
                                                  Utilities\STM32_EVAL\STM3210C_EVAL\stm3210c_eval_i2c_ee.o
I2C_DMACmd                                        Libraries\STM32F10x_StdPeriph_Driver\src\stm32f10x_i2c.o
                                                  Utilities\STM32_EVAL\STM3210C_EVAL\stm3210c_eval_i2c_ee.o
                                                  Utilities\STM32_EVAL\STM3210C_EVAL\stm3210c_eval_ioe.o
I2C_DMALastTransferCmd                            Libraries\STM32F10x_StdPeriph_Driver\src\stm32f10x_i2c.o
                                                  Utilities\STM32_EVAL\STM3210C_EVAL\stm3210c_eval_i2c_ee.o
                                                  Utilities\STM32_EVAL\STM3210C_EVAL\stm3210c_eval_ioe.o
I2C_DeInit                                        Libraries\STM32F10x_StdPeriph_Driver\src\stm32f10x_i2c.o
                                                  Utilities\STM32_EVAL\STM3210C_EVAL\stm3210c_eval.o
I2C_DualAddressCmd                                Libraries\STM32F10x_StdPeriph_Driver\src\stm32f10x_i2c.o
I2C_FastModeDutyCycleConfig                       Libraries\STM32F10x_StdPeriph_Driver\src\stm32f10x_i2c.o
I2C_GeneralCallCmd                                Libraries\STM32F10x_StdPeriph_Driver\src\stm32f10x_i2c.o
I2C_GenerateSTART                                 Libraries\STM32F10x_StdPeriph_Driver\src\stm32f10x_i2c.o
                                                  Utilities\STM32_EVAL\STM3210C_EVAL\stm3210c_eval_i2c_ee.o
                                                  Utilities\STM32_EVAL\STM3210C_EVAL\stm3210c_eval_ioe.o
I2C_GenerateSTOP                                  Libraries\STM32F10x_StdPeriph_Driver\src\stm32f10x_i2c.o
                                                  Utilities\STM32_EVAL\STM3210C_EVAL\stm3210c_eval_i2c_ee.o
                                                  Utilities\STM32_EVAL\STM3210C_EVAL\stm3210c_eval_ioe.o
I2C_GetFlagStatus                                 Libraries\STM32F10x_StdPeriph_Driver\src\stm32f10x_i2c.o
                                                  Utilities\STM32_EVAL\STM3210C_EVAL\stm3210c_eval_i2c_ee.o
                                                  Utilities\STM32_EVAL\STM3210C_EVAL\stm3210c_eval_ioe.o
I2C_GetITStatus                                   Libraries\STM32F10x_StdPeriph_Driver\src\stm32f10x_i2c.o
I2C_GetLastEvent                                  Libraries\STM32F10x_StdPeriph_Driver\src\stm32f10x_i2c.o
I2C_GetPEC                                        Libraries\STM32F10x_StdPeriph_Driver\src\stm32f10x_i2c.o
I2C_ITConfig                                      Libraries\STM32F10x_StdPeriph_Driver\src\stm32f10x_i2c.o
I2C_Init                                          Libraries\STM32F10x_StdPeriph_Driver\src\stm32f10x_i2c.o
                                                  Utilities\STM32_EVAL\STM3210C_EVAL\stm3210c_eval_i2c_ee.o
                                                  Utilities\STM32_EVAL\STM3210C_EVAL\stm3210c_eval_ioe.o
I2C_NACKPositionConfig                            Libraries\STM32F10x_StdPeriph_Driver\src\stm32f10x_i2c.o
I2C_OwnAddress2Config                             Libraries\STM32F10x_StdPeriph_Driver\src\stm32f10x_i2c.o
I2C_PECPositionConfig                             Libraries\STM32F10x_StdPeriph_Driver\src\stm32f10x_i2c.o
I2C_ReadDataBuffer                                Utilities\STM32_EVAL\STM3210C_EVAL\stm3210c_eval_ioe.o
I2C_ReadDeviceRegister                            Utilities\STM32_EVAL\STM3210C_EVAL\stm3210c_eval_ioe.o
I2C_ReadRegister                                  Libraries\STM32F10x_StdPeriph_Driver\src\stm32f10x_i2c.o
I2C_ReceiveData                                   Libraries\STM32F10x_StdPeriph_Driver\src\stm32f10x_i2c.o
                                                  Utilities\STM32_EVAL\STM3210C_EVAL\stm3210c_eval_i2c_ee.o
I2C_SMBusAlertConfig                              Libraries\STM32F10x_StdPeriph_Driver\src\stm32f10x_i2c.o
I2C_Send7bitAddress                               Libraries\STM32F10x_StdPeriph_Driver\src\stm32f10x_i2c.o
                                                  Utilities\STM32_EVAL\STM3210C_EVAL\stm3210c_eval_i2c_ee.o
                                                  Utilities\STM32_EVAL\STM3210C_EVAL\stm3210c_eval_ioe.o
I2C_SendData                                      Libraries\STM32F10x_StdPeriph_Driver\src\stm32f10x_i2c.o
                                                  Utilities\STM32_EVAL\STM3210C_EVAL\stm3210c_eval_i2c_ee.o
                                                  Utilities\STM32_EVAL\STM3210C_EVAL\stm3210c_eval_ioe.o
I2C_SoftwareResetCmd                              Libraries\STM32F10x_StdPeriph_Driver\src\stm32f10x_i2c.o
I2C_StretchClockCmd                               Libraries\STM32F10x_StdPeriph_Driver\src\stm32f10x_i2c.o
I2C_StructInit                                    Libraries\STM32F10x_StdPeriph_Driver\src\stm32f10x_i2c.o
I2C_TransmitPEC                                   Libraries\STM32F10x_StdPeriph_Driver\src\stm32f10x_i2c.o
I2C_WriteDeviceRegister                           Utilities\STM32_EVAL\STM3210C_EVAL\stm3210c_eval_ioe.o
I2S_Cmd                                           Libraries\STM32F10x_StdPeriph_Driver\src\stm32f10x_spi.o
I2S_Init                                          Libraries\STM32F10x_StdPeriph_Driver\src\stm32f10x_spi.o
I2S_StructInit                                    Libraries\STM32F10x_StdPeriph_Driver\src\stm32f10x_spi.o
IOE_ClearGITPending                               Utilities\STM32_EVAL\STM3210C_EVAL\stm3210c_eval_ioe.o
IOE_ClearIOITPending                              Utilities\STM32_EVAL\STM3210C_EVAL\stm3210c_eval_ioe.o
IOE_Config                                        Utilities\STM32_EVAL\STM3210C_EVAL\stm3210c_eval_ioe.o
IOE_FnctCmd                                       Utilities\STM32_EVAL\STM3210C_EVAL\stm3210c_eval_ioe.o
IOE_GITCmd                                        Utilities\STM32_EVAL\STM3210C_EVAL\stm3210c_eval_ioe.o
IOE_GITConfig                                     Utilities\STM32_EVAL\STM3210C_EVAL\stm3210c_eval_ioe.o
IOE_GetGITStatus                                  Utilities\STM32_EVAL\STM3210C_EVAL\stm3210c_eval_ioe.o
IOE_GetIOITStatus                                 Utilities\STM32_EVAL\STM3210C_EVAL\stm3210c_eval_ioe.o
IOE_IOAFConfig                                    Utilities\STM32_EVAL\STM3210C_EVAL\stm3210c_eval_ioe.o
IOE_IOEdgeConfig                                  Utilities\STM32_EVAL\STM3210C_EVAL\stm3210c_eval_ioe.o
IOE_IOITConfig                                    Utilities\STM32_EVAL\STM3210C_EVAL\stm3210c_eval_ioe.o
IOE_IOPinConfig                                   Utilities\STM32_EVAL\STM3210C_EVAL\stm3210c_eval_ioe.o
IOE_ITConfig                                      Utilities\STM32_EVAL\STM3210C_EVAL\stm3210c_eval_ioe.o
IOE_ITOutConfig                                   Utilities\STM32_EVAL\STM3210C_EVAL\stm3210c_eval_ioe.o
IOE_IsOperational                                 Utilities\STM32_EVAL\STM3210C_EVAL\stm3210c_eval_ioe.o
IOE_JoyStickGetState                              Utilities\STM32_EVAL\STM3210C_EVAL\stm3210c_eval_ioe.o
IOE_ReadID                                        Utilities\STM32_EVAL\STM3210C_EVAL\stm3210c_eval_ioe.o
IOE_ReadIOPin                                     Utilities\STM32_EVAL\STM3210C_EVAL\stm3210c_eval_ioe.o
IOE_Reset                                         Utilities\STM32_EVAL\STM3210C_EVAL\stm3210c_eval_ioe.o
IOE_TS_Config                                     Utilities\STM32_EVAL\STM3210C_EVAL\stm3210c_eval_ioe.o
IOE_TS_GetState                                   Utilities\STM32_EVAL\STM3210C_EVAL\stm3210c_eval_ioe.o
IOE_TempSens_Config                               Utilities\STM32_EVAL\STM3210C_EVAL\stm3210c_eval_ioe.o
IOE_TempSens_GetData                              Utilities\STM32_EVAL\STM3210C_EVAL\stm3210c_eval_ioe.o
IOE_TimeOut                                       Utilities\STM32_EVAL\STM3210C_EVAL\stm3210c_eval_ioe.o
IOE_WriteIOPin                                    Utilities\STM32_EVAL\STM3210C_EVAL\stm3210c_eval_ioe.o
IWDG_Enable                                       Libraries\STM32F10x_StdPeriph_Driver\src\stm32f10x_iwdg.o
IWDG_GetFlagStatus                                Libraries\STM32F10x_StdPeriph_Driver\src\stm32f10x_iwdg.o
IWDG_ReloadCounter                                Libraries\STM32F10x_StdPeriph_Driver\src\stm32f10x_iwdg.o
IWDG_SetPrescaler                                 Libraries\STM32F10x_StdPeriph_Driver\src\stm32f10x_iwdg.o
IWDG_SetReload                                    Libraries\STM32F10x_StdPeriph_Driver\src\stm32f10x_iwdg.o
IWDG_WriteAccessCmd                               Libraries\STM32F10x_StdPeriph_Driver\src\stm32f10x_iwdg.o
LCD_CacheBuffer                                   Utilities\STM32_EVAL\Common\lcd_log.o
LCD_CacheBuffer_xptr                              Utilities\STM32_EVAL\Common\lcd_log.o
LCD_CacheBuffer_yptr_bottom                       Utilities\STM32_EVAL\Common\lcd_log.o
LCD_CacheBuffer_yptr_bottom_bak                   Utilities\STM32_EVAL\Common\lcd_log.o
LCD_CacheBuffer_yptr_invert                       Utilities\STM32_EVAL\Common\lcd_log.o
LCD_CacheBuffer_yptr_top                          Utilities\STM32_EVAL\Common\lcd_log.o
LCD_CacheBuffer_yptr_top_bak                      Utilities\STM32_EVAL\Common\lcd_log.o
LCD_Clear                                         Utilities\STM32_EVAL\STM3210C_EVAL\stm3210c_eval_lcd.o
                                                  Utilities\STM32_EVAL\Common\lcd_log.o
LCD_ClearLine                                     Utilities\STM32_EVAL\STM3210C_EVAL\stm3210c_eval_lcd.o
                                                  Utilities\STM32_EVAL\Common\lcd_log.o
LCD_ClosedPolyLine                                Utilities\STM32_EVAL\STM3210C_EVAL\stm3210c_eval_lcd.o
LCD_ClosedPolyLineRelative                        Utilities\STM32_EVAL\STM3210C_EVAL\stm3210c_eval_lcd.o
LCD_CtrlLinesConfig                               Utilities\STM32_EVAL\STM3210C_EVAL\stm3210c_eval_lcd.o
LCD_CtrlLinesWrite                                Utilities\STM32_EVAL\STM3210C_EVAL\stm3210c_eval_lcd.o
LCD_DeInit                                        Utilities\STM32_EVAL\STM3210C_EVAL\stm3210c_eval_lcd.o
LCD_DisplayChar                                   Utilities\STM32_EVAL\STM3210C_EVAL\stm3210c_eval_lcd.o
LCD_DisplayOff                                    Utilities\STM32_EVAL\STM3210C_EVAL\stm3210c_eval_lcd.o
LCD_DisplayOn                                     Utilities\STM32_EVAL\STM3210C_EVAL\stm3210c_eval_lcd.o
LCD_DisplayStringLine                             Utilities\STM32_EVAL\STM3210C_EVAL\stm3210c_eval_lcd.o
                                                  Utilities\STM32_EVAL\Common\lcd_log.o
LCD_DrawChar                                      Utilities\STM32_EVAL\STM3210C_EVAL\stm3210c_eval_lcd.o
LCD_DrawCircle                                    Utilities\STM32_EVAL\STM3210C_EVAL\stm3210c_eval_lcd.o
LCD_DrawFullCircle                                Utilities\STM32_EVAL\STM3210C_EVAL\stm3210c_eval_lcd.o
LCD_DrawFullRect                                  Utilities\STM32_EVAL\STM3210C_EVAL\stm3210c_eval_lcd.o
LCD_DrawLine                                      Utilities\STM32_EVAL\STM3210C_EVAL\stm3210c_eval_lcd.o
LCD_DrawMonoPict                                  Utilities\STM32_EVAL\STM3210C_EVAL\stm3210c_eval_lcd.o
LCD_DrawRect                                      Utilities\STM32_EVAL\STM3210C_EVAL\stm3210c_eval_lcd.o
LCD_DrawUniLine                                   Utilities\STM32_EVAL\STM3210C_EVAL\stm3210c_eval_lcd.o
LCD_FillPolyLine                                  Utilities\STM32_EVAL\STM3210C_EVAL\stm3210c_eval_lcd.o
LCD_GetColors                                     Utilities\STM32_EVAL\STM3210C_EVAL\stm3210c_eval_lcd.o
LCD_GetFont                                       Utilities\STM32_EVAL\STM3210C_EVAL\stm3210c_eval_lcd.o
                                                  Utilities\STM32_EVAL\Common\lcd_log.o
LCD_LOG_ClearTextZone                             Utilities\STM32_EVAL\Common\lcd_log.o
LCD_LOG_DeInit                                    Utilities\STM32_EVAL\Common\lcd_log.o
LCD_LOG_Init                                      Utilities\STM32_EVAL\Common\lcd_log.o
LCD_LOG_ScrollBack                                Utilities\STM32_EVAL\Common\lcd_log.o
LCD_LOG_ScrollForward                             Utilities\STM32_EVAL\Common\lcd_log.o
LCD_LOG_SetFooter                                 Utilities\STM32_EVAL\Common\lcd_log.o
LCD_LOG_SetHeader                                 Utilities\STM32_EVAL\Common\lcd_log.o
LCD_LineColor                                     Utilities\STM32_EVAL\Common\lcd_log.o
LCD_Lock                                          Utilities\STM32_EVAL\Common\lcd_log.o
LCD_PolyLine                                      Utilities\STM32_EVAL\STM3210C_EVAL\stm3210c_eval_lcd.o
LCD_PolyLineRelative                              Utilities\STM32_EVAL\STM3210C_EVAL\stm3210c_eval_lcd.o
LCD_PowerOn                                       Utilities\STM32_EVAL\STM3210C_EVAL\stm3210c_eval_lcd.o
LCD_ReadReg                                       Utilities\STM32_EVAL\STM3210C_EVAL\stm3210c_eval_lcd.o
LCD_SPIConfig                                     Utilities\STM32_EVAL\STM3210C_EVAL\stm3210c_eval_lcd.o
LCD_ScrollActive                                  Utilities\STM32_EVAL\Common\lcd_log.o
LCD_ScrollBackStep                                Utilities\STM32_EVAL\Common\lcd_log.o
LCD_Scrolled                                      Utilities\STM32_EVAL\Common\lcd_log.o
LCD_SetBackColor                                  Utilities\STM32_EVAL\STM3210C_EVAL\stm3210c_eval_lcd.o
                                                  Utilities\STM32_EVAL\Common\lcd_log.o
LCD_SetColors                                     Utilities\STM32_EVAL\STM3210C_EVAL\stm3210c_eval_lcd.o
LCD_SetCursor                                     Utilities\STM32_EVAL\STM3210C_EVAL\stm3210c_eval_lcd.o
LCD_SetDisplayWindow                              Utilities\STM32_EVAL\STM3210C_EVAL\stm3210c_eval_lcd.o
LCD_SetFont                                       Utilities\STM32_EVAL\STM3210C_EVAL\stm3210c_eval_lcd.o
                                                  Utilities\STM32_EVAL\Common\lcd_log.o
LCD_SetTextColor                                  Utilities\STM32_EVAL\STM3210C_EVAL\stm3210c_eval_lcd.o
                                                  Utilities\STM32_EVAL\Common\lcd_log.o
LCD_Setup                                         Utilities\STM32_EVAL\STM3210C_EVAL\stm3210c_eval_lcd.o
LCD_WindowModeDisable                             Utilities\STM32_EVAL\STM3210C_EVAL\stm3210c_eval_lcd.o
LCD_WriteRAM                                      Utilities\STM32_EVAL\STM3210C_EVAL\stm3210c_eval_lcd.o
LCD_WriteRAMWord                                  Utilities\STM32_EVAL\STM3210C_EVAL\stm3210c_eval_lcd.o
LCD_WriteRAM_Prepare                              Utilities\STM32_EVAL\STM3210C_EVAL\stm3210c_eval_lcd.o
LCD_WriteReg                                      Utilities\STM32_EVAL\STM3210C_EVAL\stm3210c_eval_lcd.o
LCD_WriteRegIndex                                 Utilities\STM32_EVAL\STM3210C_EVAL\stm3210c_eval_lcd.o
LCD_nCS_StartByte                                 Utilities\STM32_EVAL\STM3210C_EVAL\stm3210c_eval_lcd.o
MemManage_Handler                                 src\stm32f10x_it.o
NMI_Handler                                       src\stm32f10x_it.o
NVIC_Configuration                                src\main.o
NVIC_Init                                         Libraries\STM32F10x_StdPeriph_Driver\src\misc.o
                                                  Utilities\STM32_EVAL\STM3210C_EVAL\stm3210c_eval.o
                                                  Utilities\STM32_EVAL\STM3210C_EVAL\stm3210c_eval_ioe.o
                                                  src\main.o
NVIC_PriorityGroupConfig                          Libraries\STM32F10x_StdPeriph_Driver\src\misc.o
                                                  src\main.o
NVIC_SetVectorTable                               Libraries\STM32F10x_StdPeriph_Driver\src\misc.o
NVIC_SystemLPConfig                               Libraries\STM32F10x_StdPeriph_Driver\src\misc.o
NbrOfDataToRead1                                  src\main.o
                                                  src\stm32f10x_it.o
NbrOfDataToRead2                                  src\main.o
NbrOfDataToTransfer1                              src\main.o
                                                  src\stm32f10x_it.o
NbrOfDataToTransfer2                              src\main.o
                                                  src\stm32f10x_it.o
OTG_FS_IRQHandler                                 src\startup_stm32f10x_cl.o
OTG_FS_WKUP_IRQHandler                            src\startup_stm32f10x_cl.o
PVD_IRQHandler                                    src\startup_stm32f10x_cl.o
PWR_BackupAccessCmd                               Libraries\STM32F10x_StdPeriph_Driver\src\stm32f10x_pwr.o
PWR_ClearFlag                                     Libraries\STM32F10x_StdPeriph_Driver\src\stm32f10x_pwr.o
PWR_DeInit                                        Libraries\STM32F10x_StdPeriph_Driver\src\stm32f10x_pwr.o
PWR_EnterSTANDBYMode                              Libraries\STM32F10x_StdPeriph_Driver\src\stm32f10x_pwr.o
PWR_EnterSTOPMode                                 Libraries\STM32F10x_StdPeriph_Driver\src\stm32f10x_pwr.o
PWR_GetFlagStatus                                 Libraries\STM32F10x_StdPeriph_Driver\src\stm32f10x_pwr.o
PWR_PVDCmd                                        Libraries\STM32F10x_StdPeriph_Driver\src\stm32f10x_pwr.o
PWR_PVDLevelConfig                                Libraries\STM32F10x_StdPeriph_Driver\src\stm32f10x_pwr.o
PWR_WakeUpPinCmd                                  Libraries\STM32F10x_StdPeriph_Driver\src\stm32f10x_pwr.o
PendSV_Handler                                    src\stm32f10x_it.o
RCC_ADCCLKConfig                                  Libraries\STM32F10x_StdPeriph_Driver\src\stm32f10x_rcc.o
RCC_AHBPeriphClockCmd                             Libraries\STM32F10x_StdPeriph_Driver\src\stm32f10x_rcc.o
                                                  Utilities\STM32_EVAL\STM3210C_EVAL\stm3210c_eval.o
                                                  Utilities\STM32_EVAL\STM3210C_EVAL\stm3210c_eval_ioe.o
RCC_AHBPeriphResetCmd                             Libraries\STM32F10x_StdPeriph_Driver\src\stm32f10x_rcc.o
RCC_APB1PeriphClockCmd                            Libraries\STM32F10x_StdPeriph_Driver\src\stm32f10x_rcc.o
                                                  Utilities\STM32_EVAL\STM3210C_EVAL\stm3210c_eval.o
                                                  Utilities\STM32_EVAL\STM3210C_EVAL\stm3210c_eval_ioe.o
                                                  Utilities\STM32_EVAL\STM3210C_EVAL\stm3210c_eval_lcd.o
                                                  src\main.o
RCC_APB1PeriphResetCmd                            Libraries\STM32F10x_StdPeriph_Driver\src\stm32f10x_rcc.o
                                                  Libraries\STM32F10x_StdPeriph_Driver\src\stm32f10x_can.o
                                                  Libraries\STM32F10x_StdPeriph_Driver\src\stm32f10x_cec.o
                                                  Libraries\STM32F10x_StdPeriph_Driver\src\stm32f10x_dac.o
                                                  Libraries\STM32F10x_StdPeriph_Driver\src\stm32f10x_i2c.o
                                                  Libraries\STM32F10x_StdPeriph_Driver\src\stm32f10x_pwr.o
                                                  Libraries\STM32F10x_StdPeriph_Driver\src\stm32f10x_spi.o
                                                  Libraries\STM32F10x_StdPeriph_Driver\src\stm32f10x_tim.o
                                                  Libraries\STM32F10x_StdPeriph_Driver\src\stm32f10x_usart.o
                                                  Libraries\STM32F10x_StdPeriph_Driver\src\stm32f10x_wwdg.o
                                                  Utilities\STM32_EVAL\STM3210C_EVAL\stm3210c_eval_ioe.o
RCC_APB2PeriphClockCmd                            Libraries\STM32F10x_StdPeriph_Driver\src\stm32f10x_rcc.o
                                                  Utilities\STM32_EVAL\STM3210C_EVAL\stm3210c_eval.o
                                                  Utilities\STM32_EVAL\STM3210C_EVAL\stm3210c_eval_ioe.o
                                                  Utilities\STM32_EVAL\STM3210C_EVAL\stm3210c_eval_lcd.o
                                                  src\main.o
RCC_APB2PeriphResetCmd                            Libraries\STM32F10x_StdPeriph_Driver\src\stm32f10x_rcc.o
                                                  Libraries\STM32F10x_StdPeriph_Driver\src\stm32f10x_adc.o
                                                  Libraries\STM32F10x_StdPeriph_Driver\src\stm32f10x_gpio.o
                                                  Libraries\STM32F10x_StdPeriph_Driver\src\stm32f10x_spi.o
                                                  Libraries\STM32F10x_StdPeriph_Driver\src\stm32f10x_tim.o
                                                  Libraries\STM32F10x_StdPeriph_Driver\src\stm32f10x_usart.o
RCC_AdjustHSICalibrationValue                     Libraries\STM32F10x_StdPeriph_Driver\src\stm32f10x_rcc.o
RCC_BackupResetCmd                                Libraries\STM32F10x_StdPeriph_Driver\src\stm32f10x_rcc.o
                                                  Libraries\STM32F10x_StdPeriph_Driver\src\stm32f10x_bkp.o
RCC_ClearFlag                                     Libraries\STM32F10x_StdPeriph_Driver\src\stm32f10x_rcc.o
RCC_ClearITPendingBit                             Libraries\STM32F10x_StdPeriph_Driver\src\stm32f10x_rcc.o
RCC_ClockSecuritySystemCmd                        Libraries\STM32F10x_StdPeriph_Driver\src\stm32f10x_rcc.o
RCC_Configuration                                 src\main.o
RCC_DeInit                                        Libraries\STM32F10x_StdPeriph_Driver\src\stm32f10x_rcc.o
RCC_GetClocksFreq                                 Libraries\STM32F10x_StdPeriph_Driver\src\stm32f10x_rcc.o
                                                  Libraries\STM32F10x_StdPeriph_Driver\src\stm32f10x_i2c.o
                                                  Libraries\STM32F10x_StdPeriph_Driver\src\stm32f10x_spi.o
                                                  Libraries\STM32F10x_StdPeriph_Driver\src\stm32f10x_usart.o
RCC_GetFlagStatus                                 Libraries\STM32F10x_StdPeriph_Driver\src\stm32f10x_rcc.o
RCC_GetITStatus                                   Libraries\STM32F10x_StdPeriph_Driver\src\stm32f10x_rcc.o
RCC_GetSYSCLKSource                               Libraries\STM32F10x_StdPeriph_Driver\src\stm32f10x_rcc.o
RCC_HCLKConfig                                    Libraries\STM32F10x_StdPeriph_Driver\src\stm32f10x_rcc.o
RCC_HSEConfig                                     Libraries\STM32F10x_StdPeriph_Driver\src\stm32f10x_rcc.o
RCC_HSICmd                                        Libraries\STM32F10x_StdPeriph_Driver\src\stm32f10x_rcc.o
RCC_I2S2CLKConfig                                 Libraries\STM32F10x_StdPeriph_Driver\src\stm32f10x_rcc.o
RCC_I2S3CLKConfig                                 Libraries\STM32F10x_StdPeriph_Driver\src\stm32f10x_rcc.o
RCC_IRQHandler                                    src\startup_stm32f10x_cl.o
RCC_ITConfig                                      Libraries\STM32F10x_StdPeriph_Driver\src\stm32f10x_rcc.o
RCC_LSEConfig                                     Libraries\STM32F10x_StdPeriph_Driver\src\stm32f10x_rcc.o
RCC_LSICmd                                        Libraries\STM32F10x_StdPeriph_Driver\src\stm32f10x_rcc.o
RCC_MCOConfig                                     Libraries\STM32F10x_StdPeriph_Driver\src\stm32f10x_rcc.o
RCC_OTGFSCLKConfig                                Libraries\STM32F10x_StdPeriph_Driver\src\stm32f10x_rcc.o
RCC_PCLK1Config                                   Libraries\STM32F10x_StdPeriph_Driver\src\stm32f10x_rcc.o
RCC_PCLK2Config                                   Libraries\STM32F10x_StdPeriph_Driver\src\stm32f10x_rcc.o
RCC_PLL2Cmd                                       Libraries\STM32F10x_StdPeriph_Driver\src\stm32f10x_rcc.o
RCC_PLL2Config                                    Libraries\STM32F10x_StdPeriph_Driver\src\stm32f10x_rcc.o
RCC_PLL3Cmd                                       Libraries\STM32F10x_StdPeriph_Driver\src\stm32f10x_rcc.o
RCC_PLL3Config                                    Libraries\STM32F10x_StdPeriph_Driver\src\stm32f10x_rcc.o
RCC_PLLCmd                                        Libraries\STM32F10x_StdPeriph_Driver\src\stm32f10x_rcc.o
RCC_PLLConfig                                     Libraries\STM32F10x_StdPeriph_Driver\src\stm32f10x_rcc.o
RCC_PREDIV1Config                                 Libraries\STM32F10x_StdPeriph_Driver\src\stm32f10x_rcc.o
RCC_PREDIV2Config                                 Libraries\STM32F10x_StdPeriph_Driver\src\stm32f10x_rcc.o
RCC_RTCCLKCmd                                     Libraries\STM32F10x_StdPeriph_Driver\src\stm32f10x_rcc.o
RCC_RTCCLKConfig                                  Libraries\STM32F10x_StdPeriph_Driver\src\stm32f10x_rcc.o
RCC_SYSCLKConfig                                  Libraries\STM32F10x_StdPeriph_Driver\src\stm32f10x_rcc.o
RCC_WaitForHSEStartUp                             Libraries\STM32F10x_StdPeriph_Driver\src\stm32f10x_rcc.o
RTCAlarm_IRQHandler                               src\startup_stm32f10x_cl.o
RTC_ClearFlag                                     Libraries\STM32F10x_StdPeriph_Driver\src\stm32f10x_rtc.o
RTC_ClearITPendingBit                             Libraries\STM32F10x_StdPeriph_Driver\src\stm32f10x_rtc.o
RTC_EnterConfigMode                               Libraries\STM32F10x_StdPeriph_Driver\src\stm32f10x_rtc.o
RTC_ExitConfigMode                                Libraries\STM32F10x_StdPeriph_Driver\src\stm32f10x_rtc.o
RTC_GetCounter                                    Libraries\STM32F10x_StdPeriph_Driver\src\stm32f10x_rtc.o
RTC_GetDivider                                    Libraries\STM32F10x_StdPeriph_Driver\src\stm32f10x_rtc.o
RTC_GetFlagStatus                                 Libraries\STM32F10x_StdPeriph_Driver\src\stm32f10x_rtc.o
RTC_GetITStatus                                   Libraries\STM32F10x_StdPeriph_Driver\src\stm32f10x_rtc.o
RTC_IRQHandler                                    src\startup_stm32f10x_cl.o
RTC_ITConfig                                      Libraries\STM32F10x_StdPeriph_Driver\src\stm32f10x_rtc.o
RTC_SetAlarm                                      Libraries\STM32F10x_StdPeriph_Driver\src\stm32f10x_rtc.o
RTC_SetCounter                                    Libraries\STM32F10x_StdPeriph_Driver\src\stm32f10x_rtc.o
RTC_SetPrescaler                                  Libraries\STM32F10x_StdPeriph_Driver\src\stm32f10x_rtc.o
RTC_WaitForLastTask                               Libraries\STM32F10x_StdPeriph_Driver\src\stm32f10x_rtc.o
RTC_WaitForSynchro                                Libraries\STM32F10x_StdPeriph_Driver\src\stm32f10x_rtc.o
Reset_Handler                                     src\startup_stm32f10x_cl.o
RxBuffer1                                         src\main.o
                                                  src\stm32f10x_it.o
RxBuffer2                                         src\main.o
                                                  src\stm32f10x_it.o
RxCounter1                                        src\main.o
                                                  src\stm32f10x_it.o
RxCounter2                                        src\main.o
                                                  src\stm32f10x_it.o
SDIO_CEATAITCmd                                   Libraries\STM32F10x_StdPeriph_Driver\src\stm32f10x_sdio.o
SDIO_ClearFlag                                    Libraries\STM32F10x_StdPeriph_Driver\src\stm32f10x_sdio.o
SDIO_ClearITPendingBit                            Libraries\STM32F10x_StdPeriph_Driver\src\stm32f10x_sdio.o
SDIO_ClockCmd                                     Libraries\STM32F10x_StdPeriph_Driver\src\stm32f10x_sdio.o
SDIO_CmdStructInit                                Libraries\STM32F10x_StdPeriph_Driver\src\stm32f10x_sdio.o
SDIO_CommandCompletionCmd                         Libraries\STM32F10x_StdPeriph_Driver\src\stm32f10x_sdio.o
SDIO_DMACmd                                       Libraries\STM32F10x_StdPeriph_Driver\src\stm32f10x_sdio.o
SDIO_DataConfig                                   Libraries\STM32F10x_StdPeriph_Driver\src\stm32f10x_sdio.o
SDIO_DataStructInit                               Libraries\STM32F10x_StdPeriph_Driver\src\stm32f10x_sdio.o
SDIO_DeInit                                       Libraries\STM32F10x_StdPeriph_Driver\src\stm32f10x_sdio.o
SDIO_GetCommandResponse                           Libraries\STM32F10x_StdPeriph_Driver\src\stm32f10x_sdio.o
SDIO_GetDataCounter                               Libraries\STM32F10x_StdPeriph_Driver\src\stm32f10x_sdio.o
SDIO_GetFIFOCount                                 Libraries\STM32F10x_StdPeriph_Driver\src\stm32f10x_sdio.o
SDIO_GetFlagStatus                                Libraries\STM32F10x_StdPeriph_Driver\src\stm32f10x_sdio.o
SDIO_GetITStatus                                  Libraries\STM32F10x_StdPeriph_Driver\src\stm32f10x_sdio.o
SDIO_GetPowerState                                Libraries\STM32F10x_StdPeriph_Driver\src\stm32f10x_sdio.o
SDIO_GetResponse                                  Libraries\STM32F10x_StdPeriph_Driver\src\stm32f10x_sdio.o
SDIO_ITConfig                                     Libraries\STM32F10x_StdPeriph_Driver\src\stm32f10x_sdio.o
SDIO_Init                                         Libraries\STM32F10x_StdPeriph_Driver\src\stm32f10x_sdio.o
SDIO_ReadData                                     Libraries\STM32F10x_StdPeriph_Driver\src\stm32f10x_sdio.o
SDIO_SendCEATACmd                                 Libraries\STM32F10x_StdPeriph_Driver\src\stm32f10x_sdio.o
SDIO_SendCommand                                  Libraries\STM32F10x_StdPeriph_Driver\src\stm32f10x_sdio.o
SDIO_SendSDIOSuspendCmd                           Libraries\STM32F10x_StdPeriph_Driver\src\stm32f10x_sdio.o
SDIO_SetPowerState                                Libraries\STM32F10x_StdPeriph_Driver\src\stm32f10x_sdio.o
SDIO_SetSDIOOperation                             Libraries\STM32F10x_StdPeriph_Driver\src\stm32f10x_sdio.o
SDIO_SetSDIOReadWaitMode                          Libraries\STM32F10x_StdPeriph_Driver\src\stm32f10x_sdio.o
SDIO_StartSDIOReadWait                            Libraries\STM32F10x_StdPeriph_Driver\src\stm32f10x_sdio.o
SDIO_StopSDIOReadWait                             Libraries\STM32F10x_StdPeriph_Driver\src\stm32f10x_sdio.o
SDIO_StructInit                                   Libraries\STM32F10x_StdPeriph_Driver\src\stm32f10x_sdio.o
SDIO_WriteData                                    Libraries\STM32F10x_StdPeriph_Driver\src\stm32f10x_sdio.o
SD_DeInit                                         Utilities\STM32_EVAL\STM3210C_EVAL\stm3210c_eval_spi_sd.o
SD_Detect                                         Utilities\STM32_EVAL\STM3210C_EVAL\stm3210c_eval_spi_sd.o